x|y|value
-+-+-----
1|0|    0
1|1|    0
1|2|    0
2|0|    0
2|1|    0
2|2|    0
3|0|    0
3|1|    0
3|2|    0
4|0|    0
4|1|    0
4|2|    0
5|0|    0
5|1|    0
5|2|    0
(15 rows)

key|value
---+-----
  1|    3
  2|    3
  3|    3
  4|    3
  5|    3
(5 rows)

key|value
---+-----
  1|    0
  2|    0
  3|    0
  4|    0
  5|    0
(5 rows)

key|value
---+-----
  1|    2
  2|    2
  3|    2
  4|    2
  5|    2
(5 rows)

key|value
---+-----
  1|    3
  2|    3
  3|    3
  4|    3
  5|    3
(5 rows)

key|value
---+-----
  1|    1
  2|    1
  3|    1
  4|    1
  5|    1
(5 rows)

key|                 value
---+----------------------
  1|1.00000000000000000000
  2|1.00000000000000000000
  3|1.00000000000000000000
  4|1.00000000000000000000
  5|1.00000000000000000000
(5 rows)

x|value
-+-----
1|    3
2|    3
3|    3
4|    3
5|    3
(5 rows)

