key|value
---+-----
 -3|   -1
 -3|    0
 -3|    1
 -2|   -1
 -2|    0
 -2|    1
 -1|   -1
 -1|    0
 -1|    1
  0|   -1
  0|    0
  0|    1
  1|   -1
  1|    0
  1|    1
  2|   -1
  2|    0
  2|    1
  3|   -1
  3|    0
  3|    1
(21 rows)

key|value        
---+-------------
  0|hello world-1
  0|hello world0 
  0|hello world1 
  1|hello world-1
  1|hello world-1
  1|hello world0 
  1|hello world0 
  1|hello world1 
  1|hello world1 
  2|hello world-1
  2|hello world-1
  2|hello world0 
  2|hello world0 
  2|hello world1 
  2|hello world1 
  3|hello world-1
  3|hello world-1
  3|hello world0 
  3|hello world0 
  3|hello world1 
  3|hello world1 
(21 rows)

               key
------------------
-0.989992496600445
-0.989992496600445
-0.989992496600445
-0.989992496600445
-0.989992496600445
-0.989992496600445
-0.416146836547142
-0.416146836547142
-0.416146836547142
-0.416146836547142
-0.416146836547142
-0.416146836547142
  0.54030230586814
  0.54030230586814
  0.54030230586814
  0.54030230586814
  0.54030230586814
  0.54030230586814
                 1
                 1
                 1
(21 rows)

value
-----
   12
   12
   12
   12
   12
   12
   12
   12
   12
   12
   12
   12
   12
   12
   13
   13
   13
   13
   13
   13
   13
(21 rows)

value        
-------------
ello world-1 
ello world-1 
ello world0  
ello world0  
ello world1  
ello world1  
hello world-1
hello world-1
hello world-1
hello world0 
hello world0 
hello world0 
hello world1 
hello world1 
hello world1 
llo world-1  
llo world-1  
llo world0   
llo world0   
llo world1   
llo world1   
(21 rows)

