key |value                                                                                                                               
----+------------------------------------------------------------------------------------------------------------------------------------
clar|	12618	ㅊ	         (clar)                                                                                                          
clar|	12623	ㅏ	         (clar)                                                                                                          
clar|	Letters: abcdefghijklmnopqrstuvwxyzABCDEFGHIJKMLNOPQRSTUVWXYZ  (clar)                                                              
clar|	Numbers: 0123456789. +-*/=                                   (clar)                                                               
clar|	Punctuation: `~!@#$%^&*()_-=+\|'";:,<.>/?                      (clar)                                                              
clar|	Symbols2: `⁄€‹›ﬁﬂ‡°·‚”’»±¿Ò‰Ç˝ÏÁ∏˘¯ÆÅØ´¨ˆÎÓˇ˜Í—¸◊„Âı˛ÔŒÚ      (clar)
clar|	Symbols: æ≤≥π¥ƒ©ç®¬÷≠«åø´¨ˆ∂˙†˜ß–Ω√∑µ∫≈˚∆œ…                    (clar)                
clar|中 	inside, middle 	chū 	naka              (clar)                                                                                 
clar|力 	power 	riki or ryoku 	chikara             (clar)                                                                               
(9 rows)

