CREATE SCHEMA
CREATE SCHEMA
CREATE TABLE
INSERT 0 1
INSERT 0 1
