      key      | min | max 
---------------+-----+-----
 able          | 0   | 7
 above         | 0   | 6
 access        | 0   | 6
 according     | 0   | 5
 across        | 0   | 4
 act           | 0   | 5
 action        | 0   | 4
 actually      | 0   | 9
 ad            | 0   | 9
 add           | 0   | 9
 added         | 0   | 4
 addition      | 0   | 5
 address       | 0   | 6
 ads           | 0   | 4
 advertising   | 0   | 9
 again         | 0   | 9
 against       | 0   | 9
 ago           | 0   | 6
 air           | 0   | 4
 al            | 0   | 4
 allen         | 0   | 6
 allow         | 0   | 8
 almost        | 0   | 6
 along         | 0   | 5
 already       | 0   | 7
 although      | 0   | 7
 always        | 0   | 9
 am            | 0   | 8
 america       | 0   | 6
 american      | 0   | 9
 americans     | 0   | 8
 amp           | 0   | 9
 announced     | 0   | 9
 another       | 0   | 9
 anyone        | 0   | 6
 anything      | 0   | 5
 anyway        | 0   | 4
 aol           | 0   | 9
 apparently    | 0   | 6
 apple         | 0   | 6
 application   | 0   | 8
 applications  | 0   | 9
 area          | 0   | 6
 around        | 0   | 9
 art           | 0   | 5
 article       | 0   | 93
 ask           | 0   | 7
 asked         | 0   | 5
 attention     | 0   | 5
 audience      | 0   | 5
 audio         | 0   | 7
 available     | 0   | 8
 away          | 0   | 7
 b             | 0   | 9
 bad           | 0   | 8
 bar           | 0   | 7
 based         | 0   | 9
 because       | 0   | 9
 become        | 0   | 5
 before        | 0   | 8
 behind        | 0   | 5
 being         | 0   | 9
 believe       | 0   | 6
 below         | 0   | 9
 best          | 0   | 9
 better        | 0   | 7
 between       | 0   | 7
 big           | 0   | 9
 bill          | 0   | 7
 bit           | 0   | 9
 black         | 0   | 9
 blog          | 0   | 8
 blogger       | 0   | 9
 bloggers      | 0   | 9
 blogging      | 0   | 9
 blogs         | 0   | 9
 board         | 0   | 9
 body          | 0   | 6
 book          | 0   | 9
 books         | 0   | 8
 both          | 0   | 6
 box           | 0   | 7
 bring         | 0   | 5
 build         | 0   | 6
 building      | 0   | 6
 built         | 0   | 5
 bush          | 0   | 9
 business      | 0   | 8
 buy           | 0   | 6
 c             | 0   | 8
 call          | 0   | 8
 called        | 0   | 8
 calls         | 0   | 4
 came          | 0   | 8
 camera        | 0   | 8
 car           | 0   | 8
 card          | 0   | 6
 care          | 0   | 6
 case          | 0   | 7
 cause         | 0   | 9
 cell          | 0   | 5
 center        | 0   | 6
 chance        | 0   | 5
 change        | 0   | 6
 check         | 0   | 9
 china         | 0   | 7
 choose        | 0   | 7
 chris         | 0   | 9
 city          | 0   | 8
 clear         | 0   | 4
 click         | 0   | 9
 clinton       | 0   | 7
 close         | 0   | 4
 co            | 0   | 7
 code          | 0   | 8
 college       | 0   | 9
 come          | 0   | 8
 comes         | 0   | 8
 coming        | 0   | 7
 comment       | 0   | 46
 comments      | 0   | 7
 community     | 0   | 9
 companies     | 0   | 7
 company       | 0   | 9
 complete      | 0   | 5
 completely    | 0   | 7
 computer      | 0   | 9
 conference    | 0   | 8
 content       | 0   | 9
 continue      | 0   | 9
 control       | 0   | 6
 cool          | 0   | 9
 copy          | 0   | 3
 core          | 0   | 5
 cost          | 0   | 8
 could         | 0   | 8
 country       | 0   | 8
 couple        | 0   | 6
 course        | 0   | 9
 cover         | 0   | 5
 create        | 0   | 7
 created       | 0   | 5
 creating      | 0   | 6
 critical      | 0   | 4
 culture       | 0   | 8
 current       | 0   | 4
 currently     | 0   | 7
 cut           | 0   | 8
 d             | 0   | 9
 daily         | 0   | 9
 data          | 0   | 7
 david         | 0   | 8
 days          | 0   | 7
 dead          | 0   | 7
 deal          | 0   | 3
 decided       | 0   | 5
 demo          | 0   | 4
 design        | 0   | 9
 details       | 0   | 7
 development   | 0   | 7
 device        | 0   | 9
 did           | 0   | 9
 didn          | 0   | 6
 different     | 0   | 8
 digg          | 0   | 4
 digital       | 0   | 9
 director      | 0   | 3
 display       | 0   | 6
 does          | 0   | 9
 doesn         | 0   | 8
 doing         | 0   | 8
 done          | 0   | 7
 door          | 0   | 9
 down          | 0   | 8
 download      | 0   | 6
 drive         | 0   | 9
 drop          | 0   | 8
 during        | 0   | 6
 dvd           | 0   | 9
 e             | 0   | 9
 each          | 0   | 9
 earlier       | 0   | 4
 early         | 0   | 5
 easily        | 0   | 4
 easy          | 0   | 6
 either        | 0   | 6
 else          | 0   | 6
 email         | 0   | 7
 end           | 0   | 6
 engine        | 0   | 7
 enjoy         | 0   | 3
 enough        | 0   | 9
 entire        | 0   | 7
 especially    | 0   | 6
 etc           | 0   | 4
 event         | 0   | 8
 events        | 0   | 4
 ever          | 0   | 7
 every         | 0   | 9
 everyone      | 0   | 9
 everything    | 0   | 5
 exactly       | 0   | 8
 example       | 0   | 9
 expect        | 0   | 4
 experience    | 0   | 9
 f             | 0   | 9
 face          | 0   | 7
 fact          | 0   | 9
 fair          | 0   | 4
 family        | 0   | 9
 far           | 0   | 7
 favorite      | 0   | 5
 feature       | 0   | 6
 features      | 0   | 9
 feed          | 0   | 6
 feeds         | 0   | 5
 feel          | 0   | 7
 filed         | 0   | 40
 film          | 0   | 5
 finally       | 0   | 6
 find          | 0   | 9
 five          | 0   | 7
 flash         | 0   | 7
 flickr        | 0   | 7
 following     | 0   | 5
 form          | 0   | 6
 former        | 0   | 5
 forward       | 0   | 3
 found         | 0   | 8
 four          | 0   | 9
 fox           | 0   | 8
 free          | 0   | 9
 friday        | 0   | 4
 friends       | 0   | 6
 front         | 0   | 7
 full          | 0   | 6
 fun           | 0   | 8
 future        | 0   | 8
 g             | 0   | 8
 game          | 0   | 5
 games         | 0   | 9
 gave          | 0   | 5
 general       | 0   | 5
 generation    | 0   | 4
 gets          | 0   | 8
 getting       | 0   | 8
 give          | 0   | 8
 given         | 0   | 7
 gives         | 0   | 4
 giving        | 0   | 6
 global        | 0   | 6
 go            | 0   | 9
 goes          | 0   | 7
 going         | 0   | 7
 google        | 0   | 9
 got           | 0   | 9
 government    | 0   | 9
 great         | 0   | 9
 group         | 0   | 7
 guy           | 0   | 9
 guys          | 0   | 6
 had           | 0   | 9
 half          | 0   | 5
 hand          | 0   | 5
 hands         | 0   | 8
 happen        | 0   | 7
 happens       | 0   | 6
 happy         | 0   | 5
 hard          | 0   | 7
 haven         | 0   | 4
 having        | 0   | 7
 head          | 0   | 6
 hear          | 0   | 7
 heard         | 0   | 9
 help          | 0   | 9
 her           | 0   | 9
 high          | 0   | 9
 him           | 0   | 9
 history       | 0   | 6
 hit           | 0   | 7
 home          | 0   | 7
 hope          | 0   | 7
 host          | 0   | 5
 hot           | 0   | 7
 hour          | 0   | 5
 hours         | 0   | 8
 house         | 0   | 8
 however       | 0   | 9
 human         | 0   | 6
 idea          | 0   | 8
 image         | 0   | 6
 images        | 0   | 5
 important     | 0   | 8
 include       | 0   | 5
 included      | 0   | 3
 includes      | 0   | 3
 including     | 0   | 8
 industry      | 0   | 7
 information   | 0   | 9
 inside        | 0   | 4
 instead       | 0   | 6
 intelligence  | 0   | 9
 interesting   | 0   | 9
 international | 0   | 3
 internet      | 0   | 8
 interview     | 0   | 7
 ipod          | 0   | 5
 iraq          | 0   | 9
 isn           | 0   | 5
 issue         | 0   | 8
 issues        | 0   | 4
 itself        | 0   | 4
 job           | 0   | 7
 john          | 0   | 8
 keep          | 0   | 7
 key           | 0   | 5
 kids          | 0   | 6
 kind          | 0   | 6
 knew          | 0   | 8
 known         | 0   | 4
 language      | 0   | 7
 large         | 0   | 6
 late          | 0   | 5
 later         | 0   | 5
 latest        | 0   | 5
 launch        | 0   | 7
 launched      | 0   | 5
 law           | 0   | 6
 learn         | 0   | 9
 least         | 0   | 9
 leave         | 0   | 3
 left          | 0   | 6
 less          | 0   | 8
 let           | 0   | 8
 level         | 0   | 4
 life          | 0   | 9
 light         | 0   | 5
 likely        | 0   | 7
 line          | 0   | 9
 link          | 0   | 8
 links         | 0   | 9
 list          | 0   | 8
 little        | 0   | 8
 live          | 0   | 6
 ll            | 0   | 9
 local         | 0   | 7
 location      | 0   | 6
 long          | 0   | 9
 longer        | 0   | 4
 look          | 0   | 8
 looking       | 0   | 7
 looks         | 0   | 6
 lot           | 0   | 7
 lots          | 0   | 8
 love          | 0   | 8
 mac           | 0   | 6
 made          | 0   | 9
 magazine      | 0   | 6
 mail          | 0   | 8
 major         | 0   | 8
 makes         | 0   | 7
 making        | 0   | 9
 man           | 0   | 8
 mark          | 0   | 9
 market        | 0   | 9
 marketing     | 0   | 6
 matter        | 0   | 6
 may           | 0   | 9
 maybe         | 0   | 7
 mean          | 0   | 6
 means         | 0   | 5
 media         | 0   | 9
 members       | 0   | 6
 message       | 0   | 6
 microsoft     | 0   | 9
 might         | 0   | 8
 million       | 0   | 8
 mind          | 0   | 8
 minutes       | 0   | 6
 mobile        | 0   | 9
 model         | 0   | 8
 moment        | 0   | 7
 monday        | 0   | 7
 money         | 0   | 7
 month         | 0   | 6
 months        | 0   | 5
 morning       | 0   | 9
 move          | 0   | 9
 movie         | 0   | 8
 moving        | 0   | 4
 music         | 0   | 7
 must          | 0   | 7
 myspace       | 0   | 8
 n             | 0   | 9
 name          | 0   | 8
 national      | 0   | 9
 nbsp          | 0   | 6
 need          | 0   | 9
 needs         | 0   | 7
 network       | 0   | 8
 never         | 0   | 9
 news          | 0   | 9
 next          | 0   | 8
 nice          | 0   | 5
 night         | 0   | 5
 non           | 0   | 4
 note          | 0   | 6
 notes         | 0   | 5
 nothing       | 0   | 8
 november      | 0   | 5
 number        | 0   | 6
 o             | 0   | 6
 offering      | 0   | 3
 office        | 0   | 8
 official      | 0   | 6
 often         | 0   | 9
 oh            | 0   | 7
 old           | 0   | 9
 once          | 0   | 8
 ones          | 0   | 5
 online        | 0   | 8
 open          | 0   | 7
 options       | 0   | 6
 order         | 0   | 7
 original      | 0   | 3
 others        | 0   | 8
 own           | 0   | 8
 p             | 0   | 6
 page          | 0   | 9
 pages         | 0   | 5
 paper         | 0   | 8
 part          | 0   | 9
 party         | 0   | 8
 past          | 0   | 9
 pay           | 0   | 9
 pc            | 0   | 9
 per           | 0   | 8
 person        | 0   | 8
 personal      | 0   | 8
 phone         | 0   | 7
 phones        | 0   | 7
 photo         | 0   | 9
 photos        | 0   | 9
 pictures      | 0   | 7
 piece         | 0   | 6
 place         | 0   | 7
 plan          | 0   | 6
 planet        | 0   | 7
 plans         | 0   | 5
 play          | 0   | 8
 player        | 0   | 9
 players       | 0   | 8
 playing       | 0   | 8
 please        | 0   | 9
 plus          | 0   | 9
 pm            | 0   | 9
 podcast       | 0   | 7
 point         | 0   | 9
 political     | 0   | 9
 popular       | 0   | 5
 possible      | 0   | 7
 post          | 0   | 9
 posted        | 0   | 5
 posts         | 0   | 5
 power         | 0   | 9
 president     | 0   | 9
 press         | 0   | 9
 pretty        | 0   | 9
 price         | 0   | 5
 print         | 0   | 6
 pro           | 0   | 6
 probably      | 0   | 9
 problem       | 0   | 7
 problems      | 0   | 6
 process       | 0   | 7
 product       | 0   | 9
 products      | 0   | 7
 program       | 0   | 5
 project       | 0   | 8
 provide       | 0   | 6
 public        | 0   | 8
 put           | 0   | 8
 question      | 0   | 4
 questions     | 0   | 4
 quite         | 0   | 9
 r             | 0   | 7
 radio         | 0   | 6
 rather        | 0   | 9
 read          | 0   | 9
 reader        | 0   | 8
 readers       | 0   | 8
 reading       | 0   | 7
 ready         | 0   | 8
 real          | 0   | 9
 reason        | 0   | 5
 received      | 0   | 3
 recent        | 0   | 5
 recently      | 0   | 6
 record        | 0   | 6
 red           | 0   | 6
 related       | 0   | 8
 release       | 0   | 9
 released      | 0   | 7
 remember      | 0   | 3
 report        | 0   | 6
 reports       | 0   | 7
 research      | 0   | 5
 rest          | 0   | 7
 result        | 0   | 6
 results       | 0   | 7
 right         | 0   | 9
 room          | 0   | 5
 rss           | 0   | 8
 rules         | 0   | 6
 run           | 0   | 7
 running       | 0   | 4
 said          | 0   | 9
 same          | 0   | 8
 san           | 0   | 6
 save          | 0   | 7
 saw           | 0   | 7
 say           | 0   | 9
 saying        | 0   | 6
 says          | 0   | 9
 school        | 0   | 7
 screen        | 0   | 9
 search        | 0   | 9
 second        | 0   | 9
 security      | 0   | 9
 seem          | 0   | 6
 seems         | 0   | 7
 seen          | 0   | 8
 self          | 0   | 4
 sell          | 0   | 4
 send          | 0   | 4
 sense         | 0   | 6
 sent          | 0   | 7
 september     | 0   | 8
 series        | 0   | 6
 service       | 0   | 9
 services      | 0   | 9
 set           | 0   | 7
 several       | 0   | 8
 share         | 0   | 8
 she           | 0   | 9
 short         | 0   | 8
 should        | 0   | 9
 show          | 0   | 9
 showing       | 0   | 5
 shows         | 0   | 8
 side          | 0   | 8
 simple        | 0   | 6
 simply        | 0   | 4
 since         | 0   | 8
 single        | 0   | 6
 site          | 0   | 8
 sites         | 0   | 9
 six           | 0   | 5
 size          | 0   | 8
 small         | 0   | 8
 smart         | 0   | 5
 social        | 0   | 8
 software      | 0   | 6
 someone       | 0   | 8
 something     | 0   | 9
 sometimes     | 0   | 8
 soon          | 0   | 5
 sort          | 0   | 6
 sound         | 0   | 5
 source        | 0   | 7
 space         | 0   | 8
 speak         | 0   | 4
 special       | 0   | 9
 standard      | 0   | 5
 star          | 0   | 5
 start         | 0   | 7
 started       | 0   | 3
 starting      | 0   | 5
 state         | 0   | 9
 still         | 0   | 9
 stop          | 0   | 9
 store         | 0   | 9
 stories       | 0   | 8
 story         | 0   | 9
 street        | 0   | 8
 strong        | 0   | 6
 stuff         | 0   | 6
 style         | 0   | 7
 subject       | 0   | 4
 such          | 0   | 9
 super         | 0   | 4
 support       | 0   | 8
 sure          | 0   | 9
 system        | 0   | 8
 systems       | 0   | 5
 take          | 0   | 7
 taken         | 0   | 4
 takes         | 0   | 5
 taking        | 0   | 6
 talk          | 0   | 9
 talking       | 0   | 7
 team          | 0   | 9
 tech          | 0   | 7
 technology    | 0   | 7
 tell          | 0   | 9
 test          | 0   | 6
 text          | 0   | 9
 th            | 0   | 5
 thanks        | 0   | 8
 thing         | 0   | 9
 things        | 0   | 9
 thinking      | 0   | 5
 those         | 0   | 9
 though        | 0   | 9
 thought       | 0   | 6
 three         | 0   | 6
 through       | 0   | 7
 times         | 0   | 8
 title         | 0   | 8
 together      | 0   | 6
 told          | 0   | 7
 tom           | 0   | 6
 too           | 0   | 9
 took          | 0   | 7
 tool          | 0   | 5
 tools         | 0   | 6
 top           | 0   | 8
 touch         | 0   | 6
 traffic       | 0   | 7
 tried         | 0   | 3
 true          | 0   | 7
 try           | 0   | 9
 trying        | 0   | 7
 turn          | 0   | 8
 tv            | 0   | 6
 type          | 0   | 9
 u             | 0   | 8
 under         | 0   | 5
 understand    | 0   | 8
 university    | 0   | 8
 until         | 0   | 7
 update        | 0   | 9
 usb           | 0   | 9
 use           | 0   | 9
 used          | 0   | 8
 user          | 0   | 7
 users         | 0   | 7
 using         | 0   | 9
 value         | 0   | 5
 various       | 0   | 4
 version       | 0   | 8
 via           | 0   | 9
 video         | 0   | 9
 videos        | 0   | 7
 view          | 0   | 7
 visit         | 0   | 7
 want          | 0   | 9
 wanted        | 0   | 8
 wants         | 0   | 8
 war           | 0   | 9
 washington    | 0   | 5
 wasn          | 0   | 4
 watch         | 0   | 6
 ways          | 0   | 5
 web           | 0   | 8
 website       | 0   | 8
 week          | 0   | 8
 weekend       | 0   | 5
 weeks         | 0   | 7
 well          | 0   | 9
 went          | 0   | 7
 were          | 0   | 8
 where         | 0   | 9
 whether       | 0   | 6
 white         | 0   | 9
 whole         | 0   | 7
 why           | 0   | 9
 win           | 0   | 5
 windows       | 0   | 9
 within        | 0   | 3
 without       | 0   | 8
 women         | 0   | 6
 won           | 0   | 6
 word          | 0   | 8
 words         | 0   | 9
 work          | 0   | 9
 working       | 0   | 6
 works         | 0   | 6
 worse         | 0   | 5
 worth         | 0   | 6
 wouldn        | 0   | 4
 write         | 0   | 5
 writing       | 0   | 4
 written       | 0   | 8
 wrong         | 0   | 5
 wrote         | 0   | 8
 x             | 0   | 7
 yahoo         | 0   | 8
 year          | 0   | 8
 years         | 0   | 7
 yes           | 0   | 8
 yesterday     | 0   | 8
 yet           | 0   | 8
 york          | 0   | 9
 young         | 0   | 4
 youtube       | 0   | 7
(706 rows)

DROP TABLE
