key|value
---+-----
k1 |v1   
k2 |v2   
(2 rows)

key|value
---+-----
k1 |v1   
k1 |v1   
k1 |v1   
k1 |v1   
k1 |v1   
k1 |v1   
k1 |v1   
k1 |v1   
k1 |v1   
k1 |v1   
k1 |v1   
k2 |v2   
k2 |v2   
k2 |v2   
k2 |v2   
k2 |v2   
k2 |v2   
k2 |v2   
k2 |v2   
k2 |v2   
k2 |v2   
k2 |v2   
(22 rows)

key|value
---+-----
k1 |v1   
k2 |v2   
(2 rows)

key|value
---+-----
k1 |v1   
k1 |v1   
k1 |v1   
k1 |v1   
k1 |v1   
k1 |v1   
k1 |v1   
k1 |v1   
k1 |v1   
k1 |v1   
k2 |v2   
k2 |v2   
k2 |v2   
k2 |v2   
k2 |v2   
k2 |v2   
k2 |v2   
k2 |v2   
k2 |v2   
k2 |v2   
(20 rows)

