-- start_ignore
--
-- Greenplum DB backup test : Advanced features
--
-- Check database version and gp_dump, pg_dump
select version();
                                                                                                                    version                                                                                                                    
-----------------------------------------------------------------------------------------------------------------------------------------------------------------------------------------------------------------------------------------------
 PostgreSQL 8.2.4 (Greenplum Database cvs Head build dev build ) on i386-apple-darwin8.9.1, compiled by GCC i686-apple-darwin8-gcc-4.0.1 (GCC) 4.0.1 (Apple Computer, Inc. build 5367) compiled on Jun  5 2007 12:29:58 (with assert checking)
(1 row)

\! gp_dump --version
gp_dump (Greenplum Database) 8.2.4
\! pg_dump --version
pg_dump (PostgreSQL) 8.2.4
-- Create target database
drop database if exists regressbkuptestadv;
NOTICE:  database "regressbkuptestadv" does not exist, skipping
create database regressbkuptestadv;
-- Populate some data
\c regressbkuptestadv
-- Test primary key and not null
create table t1( i int primary key, j int not null, k int,
		check( j >= i)
		);
NOTICE:  CREATE TABLE / PRIMARY KEY will create implicit index "t1_pkey" for table "t1"
insert into t1 values (1, 1, 1), (2, 2, 2), (3, 4, NULL);
-- Greenplum does not really support Foreign key.  So disable the tests
-- create table t2( i int primary key, j int references t1(i));
-- insert into t2 values (1, 1), (2, 2);
--
-- create table t3( i int, j int, k int,
--		primary key (i, j) );
-- insert into t3 select * from t1;
--
-- create table t4( i int, j int, 
--		foreign key (i, j) references t3(i, j)
--		);
-- insert into t4 select * from t2;
--
-- create table t5( i int, j int, k int,
--		primary key (i, j) );
-- insert into t5 select * from t1;
--
-- create table t6( i int, j int, 
--		foreign key (i, j) references t5(i, j) on delete cascase, on update cascade
--		);
-- insert into t6 select * from t2;
--
-- create table t7( i int, j int, k int,
--		primary key (i, j) );
-- insert into t7 select * from t1;
--
-- create table t8( i int, j int, 
--		foreign key (i, j) references t7(i, j) on delete set null, -- on update set null
--		);
-- insert into t8 select * from t2;
--
-- create table t9( i int, j int, k int,
--		primary key (i, j) );
-- insert into t9 select * from t1;
--
-- create table t10( i int default 1 , j int default 1, 
--		foreign key (i, j) references t7(i, j) on delete set default, on update set default 
--		);
-- insert into t8 select * from t2;
-- insert into t8 values();
-- view
create view v1 as select * from t1 where i = j;
-- oid table
create table oidt(i int, j int) with oids;
NOTICE:  Table doesn't have 'DISTRIBUTED BY' clause -- Using column named 'i' as the Greenplum Database data distribution key for this table.
HINT:  The 'DISTRIBUTED BY' clause determines the distribution of data. Make sure column(s) chosen are the optimal data distribution key to minimize skew.
insert into oidt values (1, 2);
insert into oidt values (3, 4);
-- index
create table idxt(i int, j int);
NOTICE:  Table doesn't have 'DISTRIBUTED BY' clause -- Using column named 'i' as the Greenplum Database data distribution key for this table.
HINT:  The 'DISTRIBUTED BY' clause determines the distribution of data. Make sure column(s) chosen are the optimal data distribution key to minimize skew.
create index idxt1 on idxt(i);
create unique index idxt2 on idxt(j);
NOTICE:  Updating distribution policy to match new unique index.
-- create aggregate needs a c function, not tested yet.
--
create function C3ToBit (s char(3)) 
	returns bit(3) as 
	$$ select '101'::bit(3); $$ 
	language sql immutable returns NULL on NULL input;
create language plpgsql;
create function incr (i int) returns int as
$$
	BEGIN 
		return i + 1;
	END
$$ language plpgsql;
create cast (char(3) as bit(3))
	with function C3ToBit (char(3)) ;
create domain us_postal_code as text
check (value ~ '^\\d{5}$' or value ~ '^\\d{5}-\\d{4}$');
WARNING:  nonstandard use of \\ in a string literal
LINE 2: check (value ~ '^\\d{5}$' or value ~ '^\\d{5}-\\d{4}$');
                       ^
HINT:  Use the escape string syntax for backslashes, e.g., E'\\'.
WARNING:  nonstandard use of \\ in a string literal
LINE 2: check (value ~ '^\\d{5}$' or value ~ '^\\d{5}-\\d{4}$');
                                             ^
HINT:  Use the escape string syntax for backslashes, e.g., E'\\'.
-- inherited table
create table tt1 (i int, j int, upc us_postal_code) distributed by (j);
insert into tt1 values (1, 1, '53706'), (2, 1, '90210'), (3, 1, '55555-4444');
create table tt2 (state char(2)) inherits (tt1);
NOTICE:  Table has parent, setting distribution columns to match parent table
insert into tt2(i, j, upc, state) values (4, 4, '94041', 'CA');
-- roles
drop role if exists luser;
ERROR:  role "luser" cannot be dropped because some objects depend on it
DETAIL:  1 objects in database restoretestadv2
1 objects in database restoretestadv1
1 objects in database bkuptestadv
create role luser;
ERROR:  role "luser" already exists
grant insert on idxt to luser;
grant select on idxt to luser;
-- rules
create table rt(i int, j int);
NOTICE:  Table doesn't have 'DISTRIBUTED BY' clause -- Using column named 'i' as the Greenplum Database data distribution key for this table.
HINT:  The 'DISTRIBUTED BY' clause determines the distribution of data. Make sure column(s) chosen are the optimal data distribution key to minimize skew.
insert into rt values (1, 1);
create rule nodelrt as on delete to rt
	do instead nothing;
create rule insrt as on insert to rt
	do instead update rt set j = i+j;
-- sequence
create sequence seq increment by 10 minvalue 100 no maxvalue start with 100 cache 10;
select nextval('seq');
 nextval 
---------
     100
(1 row)

-- table space
-- table space is experimental, so disable the tests
-- \! rm -fr /Users/ftian/work/crashburn/cdb2/src/test/regress/results/tmptbspace1
-- \! rm -fr /Users/ftian/work/crashburn/cdb2/src/test/regress/results/tmptbspace2
-- \! mkdir /Users/ftian/work/crashburn/cdb2/src/test/regress/results/tmptbspace1
-- \! mkdir /Users/ftian/work/crashburn/cdb2/src/test/regress/results/tmptbspace2
-- create tablespace tbspace LOCATION '/Users/ftian/work/crashburn/cdb2/src/test/regress/results/tmptbspace1', '/Users/ftian/work/crashburn/cdb2/src/test/regress/results/tmptbspace2';
-- create table tbsptable (i int) tablespace tbspace;
-- insert into tbsptable values (1), (2), (3);
-- trigger
create table trig1(i int, j int);
NOTICE:  Table doesn't have 'DISTRIBUTED BY' clause -- Using column named 'i' as the Greenplum Database data distribution key for this table.
HINT:  The 'DISTRIBUTED BY' clause determines the distribution of data. Make sure column(s) chosen are the optimal data distribution key to minimize skew.
create function trigf() returns trigger as 
	$$
	BEGIN
		insert into trig1 values (1, 1);
	END
	$$ LANGUAGE PLPGSQL;
create trigger trig after delete on trig1 for each row execute procedure trigf();
insert into trig1 values (1, 1), (2, 2);
-- back it up
\c regression
\! rm -fr /Users/ftian/work/crashburn/cdb2/src/test/regress/results/gpdump_adv
\! mkdir /Users/ftian/work/crashburn/cdb2/src/test/regress/results/gpdump_adv
\! gp_dump regressbkuptestadv --gp-d=/Users/ftian/work/crashburn/cdb2/src/test/regress/results/gpdump_adv
20070607:14:58:14|gp_dump-[INFO]:-Preparing to dump the following segments:
20070607:14:58:14|gp_dump-[INFO]:-Master (dbid 1)
20070607:14:58:14|gp_dump-[INFO]:-Primary segment 0 (dbid 2)
20070607:14:58:14|gp_dump-[INFO]:-Primary segment 1 (dbid 3)
20070607:14:58:14|gp_dump-[INFO]:-Command line options analyzed.
20070607:14:58:14|gp_dump-[INFO]:-Connecting to master database on host localhost port 13000 database regressbkuptestadv.
20070607:14:58:14|gp_dump-[INFO]:-Reading Greenplum Database configuration info from master database.
20070607:14:58:14|gp_dump-[INFO]:-Starting a transaction on master database regressbkuptestadv.
20070607:14:58:14|gp_dump-[INFO]:-Getting a list of Greenplum Database managed tables for database regressbkuptestadv.
20070607:14:58:14|gp_dump-[INFO]:-Issuing "LOCK IN EXCLUSIVE MODE" for managed tables on database regressbkuptestadv.
20070607:14:58:14|gp_dump-[INFO]:-About to spin off 3 threads with timestamp key 20070607145814
20070607:14:58:14|gp_dump-[INFO]:-Creating thread to backup dbid 1: host localhost port 13000 database regressbkuptestadv
20070607:14:58:14|gp_dump-[INFO]:-Creating thread to backup dbid 2: host localhost port 13002 database regressbkuptestadv
20070607:14:58:14|gp_dump-[INFO]:-Creating thread to backup dbid 3: host localhost port 13003 database regressbkuptestadv
20070607:14:58:14|gp_dump-[INFO]:-Waiting for remote gp_dump_agent processes to start transactions in serializable isolation level
20070607:14:58:14|gp_dump-[INFO]:-Listening for messages from server on dbid 1 connection
20070607:14:58:14|gp_dump-[INFO]:-Successfully launched Greenplum Database backup on dbid 1 server
20070607:14:58:14|gp_dump-[INFO]:-Listening for messages from server on dbid 3 connection
20070607:14:58:14|gp_dump-[INFO]:-Successfully launched Greenplum Database backup on dbid 3 server
20070607:14:58:14|gp_dump-[INFO]:-Listening for messages from server on dbid 2 connection
20070607:14:58:14|gp_dump-[INFO]:-Successfully launched Greenplum Database backup on dbid 2 server
20070607:14:58:18|gp_dump-[INFO]:-backup succeeded for dbid 3 on host localhost
20070607:14:58:19|gp_dump-[INFO]:-backup succeeded for dbid 2 on host localhost
20070607:14:58:19|gp_dump-[INFO]:-All remote gp_dump_agent processes have set transacactions in serializable isolation level
20070607:14:58:19|gp_dump-[INFO]:-Committing transaction on the master database, thereby releasing locks.
20070607:14:58:19|gp_dump-[INFO]:-Waiting for all remote gp_dump_agent programs to finish.
20070607:14:58:20|gp_dump-[INFO]:-backup succeeded for dbid 1 on host localhost
20070607:14:58:20|gp_dump-[INFO]:-All remote gp_dump_agent programs are finished.
20070607:14:58:20|gp_dump-[INFO]:-Report results also written to /Users/ftian/demo/main_data/testdb-1/gp_dump_20070607145814.rpt.

Greenplum Database Backup Report
Timestamp Key: 20070607145814
gp_dump Command Line: regressbkuptestadv --gp-d=/Users/ftian/work/crashburn/cdb2/src/test/regress/results/gpdump_adv
Pass through Command Line Options: None
Compression Program: None

Individual Results
	Master (dbid 1) Host localhost Port 13000 Database regressbkuptestadv BackupFile /Users/ftian/work/crashburn/cdb2/src/test/regress/results/gpdump_adv/gp_dump_1_1_20070607145814: Succeeded 
	Primary segment 0 (dbid 2) Host localhost Port 13002 Database regressbkuptestadv BackupFile /Users/ftian/work/crashburn/cdb2/src/test/regress/results/gpdump_adv/gp_dump_0_2_20070607145814: Succeeded 
	Primary segment 1 (dbid 3) Host localhost Port 13003 Database regressbkuptestadv BackupFile /Users/ftian/work/crashburn/cdb2/src/test/regress/results/gpdump_adv/gp_dump_0_3_20070607145814: Succeeded 

gp_dump utility finished successfully.
\! rm -fr /Users/ftian/work/crashburn/cdb2/src/test/regress/results/pgdump_adv
\! mkdir /Users/ftian/work/crashburn/cdb2/src/test/regress/results/pgdump_adv
\! pg_dump -Fc -f /Users/ftian/work/crashburn/cdb2/src/test/regress/results/pgdump_adv/bkuptestAdv_normal regressbkuptestadv 
\! pg_dump -Fc -x -f /Users/ftian/work/crashburn/cdb2/src/test/regress/results/pgdump_adv/bkuptestAdv_nopriv regressbkuptestadv 
-- now restore it.
drop database if exists regressrestoretesadv1;
NOTICE:  database "regressrestoretesadv1" does not exist, skipping
create database regressrestoretestadv1;
\! gp_restore --gp-d=/Users/ftian/work/crashburn/cdb2/src/test/regress/results/gpdump_adv --gp-k=`find /Users/ftian/work/crashburn/cdb2/src/test/regress/results/gpdump_adv/gp* -exec basename '{}' \; | head -1 | cut -f 1 -d '.' | cut -f 5 -d '_'` -d regressrestoretestadv1
20070607:14:58:26|gp_restore-[INFO]:-Analyzed command line options.
20070607:14:58:26|gp_restore-[INFO]:-Connecting to master segment on host localhost port 13000 database regressrestoretestadv1.
20070607:14:58:26|gp_restore-[INFO]:-Reading Greenplum Database configuration info from master segment database.
20070607:14:58:26|gp_restore-[INFO]:-Preparing to restore the following segments:
20070607:14:58:26|gp_restore-[INFO]:-Master (dbid 1)
20070607:14:58:26|gp_restore-[INFO]:-Primary segment 0 (dbid 2)
20070607:14:58:26|gp_restore-[INFO]:-Primary segment 1 (dbid 3)
20070607:14:58:26|gp_restore-[INFO]:-Starting to restore the master database.
20070607:14:58:26|gp_restore-[INFO]:-Creating thread to restore master database: host localhost port 13000 database regressrestoretestadv1
20070607:14:58:26|gp_restore-[INFO]:-Listening for messages from dbid 1 server (source) for dbid 1 restore
20070607:14:58:26|gp_restore-[INFO]:-Successfully launched Greenplum Database restore on dbid 1 to restore dbid 1
20070607:14:58:30|gp_restore-[INFO]:-restore started for source dbid 1, target dbid 1 on host localhost
20070607:14:58:30|gp_restore-[INFO]:-restore succeeded for source dbid 1, target dbid 1 on host localhost
20070607:14:58:30|gp_restore-[INFO]:-Successfully restored master database: host localhost port 13000 database regressrestoretestadv1
20070607:14:58:30|gp_restore-[INFO]:-Creating thread to restore dbid 2 (localhost:13002) from backup file on dbid 2 (localhost:13002)
20070607:14:58:30|gp_restore-[INFO]:-Creating thread to restore dbid 3 (localhost:13003) from backup file on dbid 3 (localhost:13003)
20070607:14:58:30|gp_restore-[INFO]:-Waiting for all remote gp_restore_agent programs to finish.
20070607:14:58:30|gp_restore-[INFO]:-20070607:14:58:30|gp_restore-[INFO]:-Listening for messages from dbid 3 server (source) for dbid 3 restore
Listening for messages from dbid 2 server (source) for dbid 2 restore
20070607:14:58:30|gp_restore-[INFO]:-Successfully launched Greenplum Database restore on dbid 2 to restore dbid 2
20070607:14:58:30|gp_restore-[INFO]:-Successfully launched Greenplum Database restore on dbid 3 to restore dbid 3
20070607:14:58:34|gp_restore-[INFO]:-20070607:14:58:34|gp_restore-[INFO]:-restore started for source dbid 2, target dbid 2 on host localhost
restore started for source dbid 3, target dbid 3 on host localhost
20070607:14:58:34|gp_restore-[INFO]:-20070607:14:58:34|gp_restore-[INFO]:-restore succeeded for source dbid 2, target dbid 2 on host localhost
restore succeeded for source dbid 3, target dbid 3 on host localhost
20070607:14:58:34|gp_restore-[INFO]:-All remote gp_restore_agent programs are finished.
20070607:14:58:34|gp_restore-[INFO]:-Report results also written to /Users/ftian/demo/main_data/testdb-1/gp_restore_20070607145814.rpt.

Greenplum Database Restore Report
Timestamp Key: 20070607145814
gp_restore Command Line: --gp-d=/Users/ftian/work/crashburn/cdb2/src/test/regress/results/gpdump_adv --gp-k=20070607145814 -d regressrestoretestadv1
Pass through Command Line Options: None
Compression Program: None

Individual Results
	Restore of regressrestoretestadv1 on dbid 1 (localhost:13000) from file on dbid 1 (localhost:13000) /Users/ftian/work/crashburn/cdb2/src/test/regress/results/gpdump_adv/gp_dump_1_1_20070607145814: Succeeded 
	Restore of regressrestoretestadv1 on dbid 2 (localhost:13002) from file on dbid 2 (localhost:13002) /Users/ftian/work/crashburn/cdb2/src/test/regress/results/gpdump_adv/gp_dump_0_2_20070607145814: Succeeded 
	Restore of regressrestoretestadv1 on dbid 3 (localhost:13003) from file on dbid 3 (localhost:13003) /Users/ftian/work/crashburn/cdb2/src/test/regress/results/gpdump_adv/gp_dump_0_3_20070607145814: Succeeded 

gp_restore  utility finished successfully.
drop database if exists regressrestoretestadv2;
NOTICE:  database "regressrestoretestadv2" does not exist, skipping
create database regressrestoretestadv2;
\! pg_restore -d regressrestoretestadv2 /Users/ftian/work/crashburn/cdb2/src/test/regress/results/pgdump_adv/bkuptestadv_normal
drop database if exists regressrestoretestadv3;
create database regressrestoretestadv3;
\! pg_restore -d regressrestoretestadv3 /Users/ftian/work/crashburn/cdb2/src/test/regress/results/pgdump_adv/bkuptestadv_nopriv
-- Create target database
drop database if exists regressbkuptestmisc;
NOTICE:  database "regressbkuptestmisc" does not exist, skipping
create database regressbkuptestmisc encoding 'LATIN1';
-- Populate some data
\c regressbkuptestmisc
-- Alter table, 
create table t1(i int, j int, k int);
NOTICE:  Table doesn't have 'DISTRIBUTED BY' clause -- Using column named 'i' as the Greenplum Database data distribution key for this table.
HINT:  The 'DISTRIBUTED BY' clause determines the distribution of data. Make sure column(s) chosen are the optimal data distribution key to minimize skew.
insert into t1 values (1, 1, 1), (2, 2, 2), (3, 4, NULL);
alter table t1 drop column j;
alter table t1 rename column k to col3;
create table t2(i int, j int, k int);
NOTICE:  Table doesn't have 'DISTRIBUTED BY' clause -- Using column named 'i' as the Greenplum Database data distribution key for this table.
HINT:  The 'DISTRIBUTED BY' clause determines the distribution of data. Make sure column(s) chosen are the optimal data distribution key to minimize skew.
insert into t2 values (1, 1, 1), (2, 2, 2), (3, 4, NULL);
alter table t2 drop column j;
alter table t2 add column j varchar(30);
create table t3(i int, j int, k int);
NOTICE:  Table doesn't have 'DISTRIBUTED BY' clause -- Using column named 'i' as the Greenplum Database data distribution key for this table.
HINT:  The 'DISTRIBUTED BY' clause determines the distribution of data. Make sure column(s) chosen are the optimal data distribution key to minimize skew.
insert into t3 values (1, 1, 1), (2, 2, 2), (3, 4, NULL);
analyze t3;
comment on table t3 is 'Analyzed table';
create table t4(i int, j int, k int);
NOTICE:  Table doesn't have 'DISTRIBUTED BY' clause -- Using column named 'i' as the Greenplum Database data distribution key for this table.
HINT:  The 'DISTRIBUTED BY' clause determines the distribution of data. Make sure column(s) chosen are the optimal data distribution key to minimize skew.
insert into t4 values (1, 1, 1), (2, 2, 2), (3, 4, NULL);
truncate t4;
insert into t4 values (100, 100, 100), (200, 200, 200);
create table t5(i int, j int, k int);
NOTICE:  Table doesn't have 'DISTRIBUTED BY' clause -- Using column named 'i' as the Greenplum Database data distribution key for this table.
HINT:  The 'DISTRIBUTED BY' clause determines the distribution of data. Make sure column(s) chosen are the optimal data distribution key to minimize skew.
insert into t5 values (1, 1, 1), (2, 2, 2), (3, 4, NULL);
insert into t5 values (1, 1, 1), (2, 2, 2), (3, 4, NULL);
delete from t5 where i <= 2;
insert into t5 values (1, 1, 1), (2, 2, 2), (3, 4, NULL);
vacuum t5;
-- back it up
\c regression 
\! rm -fr /Users/ftian/work/crashburn/cdb2/src/test/regress/results/gpdump_misc
\! mkdir /Users/ftian/work/crashburn/cdb2/src/test/regress/results/gpdump_misc
\! gp_dump regressbkuptestmisc --gp-d=/Users/ftian/work/crashburn/cdb2/src/test/regress/results/gpdump_misc
20070607:14:58:46|gp_dump-[INFO]:-Preparing to dump the following segments:
20070607:14:58:46|gp_dump-[INFO]:-Master (dbid 1)
20070607:14:58:46|gp_dump-[INFO]:-Primary segment 0 (dbid 2)
20070607:14:58:46|gp_dump-[INFO]:-Primary segment 1 (dbid 3)
20070607:14:58:46|gp_dump-[INFO]:-Command line options analyzed.
20070607:14:58:46|gp_dump-[INFO]:-Connecting to master database on host localhost port 13000 database regressbkuptestmisc.
20070607:14:58:46|gp_dump-[INFO]:-Reading Greenplum Database configuration info from master database.
20070607:14:58:46|gp_dump-[INFO]:-Starting a transaction on master database regressbkuptestmisc.
20070607:14:58:46|gp_dump-[INFO]:-Getting a list of Greenplum Database managed tables for database regressbkuptestmisc.
20070607:14:58:46|gp_dump-[INFO]:-Issuing "LOCK IN EXCLUSIVE MODE" for managed tables on database regressbkuptestmisc.
20070607:14:58:46|gp_dump-[INFO]:-About to spin off 3 threads with timestamp key 20070607145846
20070607:14:58:46|gp_dump-[INFO]:-Creating thread to backup dbid 1: host localhost port 13000 database regressbkuptestmisc
20070607:14:58:46|gp_dump-[INFO]:-Creating thread to backup dbid 2: host localhost port 13002 database regressbkuptestmisc
20070607:14:58:46|gp_dump-[INFO]:-Creating thread to backup dbid 3: host localhost port 13003 database regressbkuptestmisc
20070607:14:58:46|gp_dump-[INFO]:-Waiting for remote gp_dump_agent processes to start transactions in serializable isolation level
20070607:14:58:46|gp_dump-[INFO]:-Listening for messages from server on dbid 1 connection
20070607:14:58:46|gp_dump-[INFO]:-Successfully launched Greenplum Database backup on dbid 1 server
20070607:14:58:46|gp_dump-[INFO]:-Listening for messages from server on dbid 3 connection
20070607:14:58:46|gp_dump-[INFO]:-Listening for messages from server on dbid 2 connection
20070607:14:58:46|gp_dump-[INFO]:-Successfully launched Greenplum Database backup on dbid 3 server
20070607:14:58:46|gp_dump-[INFO]:-Successfully launched Greenplum Database backup on dbid 2 server
20070607:14:58:50|gp_dump-[INFO]:-backup succeeded for dbid 1 on host localhost
20070607:14:58:50|gp_dump-[INFO]:-backup succeeded for dbid 3 on host localhost
20070607:14:58:50|gp_dump-[INFO]:-backup succeeded for dbid 2 on host localhost
20070607:14:58:50|gp_dump-[INFO]:-All remote gp_dump_agent processes have set transacactions in serializable isolation level
20070607:14:58:50|gp_dump-[INFO]:-Committing transaction on the master database, thereby releasing locks.
20070607:14:58:50|gp_dump-[INFO]:-Waiting for all remote gp_dump_agent programs to finish.
20070607:14:58:50|gp_dump-[INFO]:-All remote gp_dump_agent programs are finished.
20070607:14:58:50|gp_dump-[INFO]:-Report results also written to /Users/ftian/demo/main_data/testdb-1/gp_dump_20070607145846.rpt.

Greenplum Database Backup Report
Timestamp Key: 20070607145846
gp_dump Command Line: regressbkuptestmisc --gp-d=/Users/ftian/work/crashburn/cdb2/src/test/regress/results/gpdump_misc
Pass through Command Line Options: None
Compression Program: None

Individual Results
	Master (dbid 1) Host localhost Port 13000 Database regressbkuptestmisc BackupFile /Users/ftian/work/crashburn/cdb2/src/test/regress/results/gpdump_misc/gp_dump_1_1_20070607145846: Succeeded 
	Primary segment 0 (dbid 2) Host localhost Port 13002 Database regressbkuptestmisc BackupFile /Users/ftian/work/crashburn/cdb2/src/test/regress/results/gpdump_misc/gp_dump_0_2_20070607145846: Succeeded 
	Primary segment 1 (dbid 3) Host localhost Port 13003 Database regressbkuptestmisc BackupFile /Users/ftian/work/crashburn/cdb2/src/test/regress/results/gpdump_misc/gp_dump_0_3_20070607145846: Succeeded 

gp_dump utility finished successfully.
\! rm -fr /Users/ftian/work/crashburn/cdb2/src/test/regress/results/pgdump_misc
\! mkdir /Users/ftian/work/crashburn/cdb2/src/test/regress/results/pgdump_misc
\! pg_dump -Fc -f /Users/ftian/work/crashburn/cdb2/src/test/regress/results/pgdump_misc/bkuptestmisc_normal regressbkuptestmisc 
-- now restore it.
drop database if exists regressrestoretesmisc1;
NOTICE:  database "regressrestoretesmisc1" does not exist, skipping
create database regressrestoretestmisc1;
\! gp_restore --gp-d=/Users/ftian/work/crashburn/cdb2/src/test/regress/results/gpdump_misc --gp-k=`find /Users/ftian/work/crashburn/cdb2/src/test/regress/results/gpdump_misc/gp* -exec basename '{}' \; | head -1 | cut -f 1 -d '.' | cut -f 5 -d '_'` -d regressrestoretestmisc1
20070607:14:58:52|gp_restore-[INFO]:-Analyzed command line options.
20070607:14:58:52|gp_restore-[INFO]:-Connecting to master segment on host localhost port 13000 database regressrestoretestmisc1.
20070607:14:58:52|gp_restore-[INFO]:-Reading Greenplum Database configuration info from master segment database.
20070607:14:58:52|gp_restore-[INFO]:-Preparing to restore the following segments:
20070607:14:58:52|gp_restore-[INFO]:-Master (dbid 1)
20070607:14:58:52|gp_restore-[INFO]:-Primary segment 0 (dbid 2)
20070607:14:58:52|gp_restore-[INFO]:-Primary segment 1 (dbid 3)
20070607:14:58:52|gp_restore-[INFO]:-Starting to restore the master database.
20070607:14:58:52|gp_restore-[INFO]:-Creating thread to restore master database: host localhost port 13000 database regressrestoretestmisc1
20070607:14:58:52|gp_restore-[INFO]:-Listening for messages from dbid 1 server (source) for dbid 1 restore
20070607:14:58:52|gp_restore-[INFO]:-Successfully launched Greenplum Database restore on dbid 1 to restore dbid 1
20070607:14:58:56|gp_restore-[INFO]:-restore started for source dbid 1, target dbid 1 on host localhost
20070607:14:58:56|gp_restore-[INFO]:-restore succeeded for source dbid 1, target dbid 1 on host localhost
20070607:14:58:56|gp_restore-[INFO]:-Successfully restored master database: host localhost port 13000 database regressrestoretestmisc1
20070607:14:58:56|gp_restore-[INFO]:-Creating thread to restore dbid 2 (localhost:13002) from backup file on dbid 2 (localhost:13002)
20070607:14:58:56|gp_restore-[INFO]:-Creating thread to restore dbid 3 (localhost:13003) from backup file on dbid 3 (localhost:13003)
20070607:14:58:56|gp_restore-[INFO]:-Waiting for all remote gp_restore_agent programs to finish.
20070607:14:58:56|gp_restore-[INFO]:-Listening for messages from dbid 2 server (source) for dbid 2 restore
20070607:14:58:56|gp_restore-[INFO]:-Listening for messages from dbid 3 server (source) for dbid 3 restore
20070607:14:58:56|gp_restore-[INFO]:-Successfully launched Greenplum Database restore on dbid 2 to restore dbid 2
20070607:14:58:56|gp_restore-[INFO]:-Successfully launched Greenplum Database restore on dbid 3 to restore dbid 3
20070607:14:59:00|gp_restore-[INFO]:-20070607:14:59:00|gp_restore-[INFO]:-restore started for source dbid 2, target dbid 2 on host localhost
restore started for source dbid 3, target dbid 3 on host localhost
20070607:14:59:00|gp_restore-[INFO]:-20070607:14:59:00|gp_restore-[INFO]:-restore succeeded for source dbid 2, target dbid 2 on host localhost
restore succeeded for source dbid 3, target dbid 3 on host localhost
20070607:14:59:00|gp_restore-[INFO]:-All remote gp_restore_agent programs are finished.
20070607:14:59:00|gp_restore-[INFO]:-Report results also written to /Users/ftian/demo/main_data/testdb-1/gp_restore_20070607145846.rpt.

Greenplum Database Restore Report
Timestamp Key: 20070607145846
gp_restore Command Line: --gp-d=/Users/ftian/work/crashburn/cdb2/src/test/regress/results/gpdump_misc --gp-k=20070607145846 -d regressrestoretestmisc1
Pass through Command Line Options: None
Compression Program: None

Individual Results
	Restore of regressrestoretestmisc1 on dbid 1 (localhost:13000) from file on dbid 1 (localhost:13000) /Users/ftian/work/crashburn/cdb2/src/test/regress/results/gpdump_misc/gp_dump_1_1_20070607145846: Succeeded 
	Restore of regressrestoretestmisc1 on dbid 2 (localhost:13002) from file on dbid 2 (localhost:13002) /Users/ftian/work/crashburn/cdb2/src/test/regress/results/gpdump_misc/gp_dump_0_2_20070607145846: Succeeded 
	Restore of regressrestoretestmisc1 on dbid 3 (localhost:13003) from file on dbid 3 (localhost:13003) /Users/ftian/work/crashburn/cdb2/src/test/regress/results/gpdump_misc/gp_dump_0_3_20070607145846: Succeeded 

gp_restore  utility finished successfully.
drop database if exists regressrestoretestmisc2;
NOTICE:  database "regressrestoretestmisc2" does not exist, skipping
create database regressrestoretestmisc2;
\! pg_restore -d regressrestoretestmisc2 /Users/ftian/work/crashburn/cdb2/src/test/regress/results/pgdump_misc/bkuptestmisc_normal
-- end_ignore
