\c hdfs
drop table if exists skewed_for_gpic;
NOTICE:  table "skewed_for_gpic" does not exist, skipping
drop table if exists spread_for_gpic;
NOTICE:  table "spread_for_gpic" does not exist, skipping
drop table if exists foo_for_gpic;
NOTICE:  table "foo_for_gpic" does not exist, skipping
create table skewed_for_gpic (a int, b int);
NOTICE:  Table doesn't have 'DISTRIBUTED BY' clause -- Using column named 'a' as the Greenplum Database data distribution key for this table.
HINT:  The 'DISTRIBUTED BY' clause determines the distribution of data. Make sure column(s) chosen are the optimal data distribution key to minimize skew.
create table spread_for_gpic (a int, b int);
NOTICE:  Table doesn't have 'DISTRIBUTED BY' clause -- Using column named 'a' as the Greenplum Database data distribution key for this table.
HINT:  The 'DISTRIBUTED BY' clause determines the distribution of data. Make sure column(s) chosen are the optimal data distribution key to minimize skew.
set gp_interconnect_type=tcp;
set gp_enable_mk_sort = off;
insert into skewed_for_gpic select 1, i from generate_series(1, 1000) i;
insert into spread_for_gpic select i, 1 from generate_series(1, 1000) i;
select * from skewed_for_gpic, spread_for_gpic where skewed_for_gpic.a = spread_for_gpic.b order by 1, 2, 3, 4 desc limit 20;
 a | b | a  | b 
---+---+----+---
 1 | 1 |  1 | 1
 1 | 1 |  2 | 1
 1 | 1 |  3 | 1
 1 | 1 |  4 | 1
 1 | 1 |  5 | 1
 1 | 1 |  6 | 1
 1 | 1 |  7 | 1
 1 | 1 |  8 | 1
 1 | 1 |  9 | 1
 1 | 1 | 10 | 1
 1 | 1 | 11 | 1
 1 | 1 | 12 | 1
 1 | 1 | 13 | 1
 1 | 1 | 14 | 1
 1 | 1 | 15 | 1
 1 | 1 | 16 | 1
 1 | 1 | 17 | 1
 1 | 1 | 18 | 1
 1 | 1 | 19 | 1
 1 | 1 | 20 | 1
(20 rows)

create table foo_for_gpic as select *, 'Lorem ipsum dolor sit amet, consectetur adipisicing elit, sed do eiusmod tempor incididunt ut labore et dolore magna aliqua.'::text as c from skewed_for_gpic;
NOTICE:  Table doesn't have 'DISTRIBUTED BY' clause -- Using column(s) named 'a' as the Greenplum Database data distribution key for this table.
HINT:  The 'DISTRIBUTED BY' clause determines the distribution of data. Make sure column(s) chosen are the optimal data distribution key to minimize skew.
select foo_for_gpic.a, spread_for_gpic.a, c from foo_for_gpic, spread_for_gpic where foo_for_gpic.a = spread_for_gpic.b order by foo_for_gpic.a, spread_for_gpic.a desc, c limit 20;
 a |  a   |                                                              c                                                               
---+------+------------------------------------------------------------------------------------------------------------------------------
 1 | 1000 | Lorem ipsum dolor sit amet, consectetur adipisicing elit, sed do eiusmod tempor incididunt ut labore et dolore magna aliqua.
 1 | 1000 | Lorem ipsum dolor sit amet, consectetur adipisicing elit, sed do eiusmod tempor incididunt ut labore et dolore magna aliqua.
 1 | 1000 | Lorem ipsum dolor sit amet, consectetur adipisicing elit, sed do eiusmod tempor incididunt ut labore et dolore magna aliqua.
 1 | 1000 | Lorem ipsum dolor sit amet, consectetur adipisicing elit, sed do eiusmod tempor incididunt ut labore et dolore magna aliqua.
 1 | 1000 | Lorem ipsum dolor sit amet, consectetur adipisicing elit, sed do eiusmod tempor incididunt ut labore et dolore magna aliqua.
 1 | 1000 | Lorem ipsum dolor sit amet, consectetur adipisicing elit, sed do eiusmod tempor incididunt ut labore et dolore magna aliqua.
 1 | 1000 | Lorem ipsum dolor sit amet, consectetur adipisicing elit, sed do eiusmod tempor incididunt ut labore et dolore magna aliqua.
 1 | 1000 | Lorem ipsum dolor sit amet, consectetur adipisicing elit, sed do eiusmod tempor incididunt ut labore et dolore magna aliqua.
 1 | 1000 | Lorem ipsum dolor sit amet, consectetur adipisicing elit, sed do eiusmod tempor incididunt ut labore et dolore magna aliqua.
 1 | 1000 | Lorem ipsum dolor sit amet, consectetur adipisicing elit, sed do eiusmod tempor incididunt ut labore et dolore magna aliqua.
 1 | 1000 | Lorem ipsum dolor sit amet, consectetur adipisicing elit, sed do eiusmod tempor incididunt ut labore et dolore magna aliqua.
 1 | 1000 | Lorem ipsum dolor sit amet, consectetur adipisicing elit, sed do eiusmod tempor incididunt ut labore et dolore magna aliqua.
 1 | 1000 | Lorem ipsum dolor sit amet, consectetur adipisicing elit, sed do eiusmod tempor incididunt ut labore et dolore magna aliqua.
 1 | 1000 | Lorem ipsum dolor sit amet, consectetur adipisicing elit, sed do eiusmod tempor incididunt ut labore et dolore magna aliqua.
 1 | 1000 | Lorem ipsum dolor sit amet, consectetur adipisicing elit, sed do eiusmod tempor incididunt ut labore et dolore magna aliqua.
 1 | 1000 | Lorem ipsum dolor sit amet, consectetur adipisicing elit, sed do eiusmod tempor incididunt ut labore et dolore magna aliqua.
 1 | 1000 | Lorem ipsum dolor sit amet, consectetur adipisicing elit, sed do eiusmod tempor incididunt ut labore et dolore magna aliqua.
 1 | 1000 | Lorem ipsum dolor sit amet, consectetur adipisicing elit, sed do eiusmod tempor incididunt ut labore et dolore magna aliqua.
 1 | 1000 | Lorem ipsum dolor sit amet, consectetur adipisicing elit, sed do eiusmod tempor incididunt ut labore et dolore magna aliqua.
 1 | 1000 | Lorem ipsum dolor sit amet, consectetur adipisicing elit, sed do eiusmod tempor incididunt ut labore et dolore magna aliqua.
(20 rows)

truncate skewed_for_gpic;
truncate spread_for_gpic;
drop table if exists foo_for_gpic;
set gp_interconnect_type=udp;
insert into skewed_for_gpic select 1, i from generate_series(1, 1000) i;
insert into spread_for_gpic select i, 1 from generate_series(1, 1000) i;
create table foo_for_gpic as select *, 'Lorem ipsum dolor sit amet, consectetur adipisicing elit, sed do eiusmod tempor incididunt ut labore et dolore magna aliqua.'::text as c from skewed_for_gpic;
NOTICE:  Table doesn't have 'DISTRIBUTED BY' clause -- Using column(s) named 'a' as the Greenplum Database data distribution key for this table.
HINT:  The 'DISTRIBUTED BY' clause determines the distribution of data. Make sure column(s) chosen are the optimal data distribution key to minimize skew.
select foo_for_gpic.a, spread_for_gpic.a, c from foo_for_gpic, spread_for_gpic where foo_for_gpic.a = spread_for_gpic.b order by foo_for_gpic.a, spread_for_gpic.a desc, c limit 20;
 a |  a   |                                                              c                                                               
---+------+------------------------------------------------------------------------------------------------------------------------------
 1 | 1000 | Lorem ipsum dolor sit amet, consectetur adipisicing elit, sed do eiusmod tempor incididunt ut labore et dolore magna aliqua.
 1 | 1000 | Lorem ipsum dolor sit amet, consectetur adipisicing elit, sed do eiusmod tempor incididunt ut labore et dolore magna aliqua.
 1 | 1000 | Lorem ipsum dolor sit amet, consectetur adipisicing elit, sed do eiusmod tempor incididunt ut labore et dolore magna aliqua.
 1 | 1000 | Lorem ipsum dolor sit amet, consectetur adipisicing elit, sed do eiusmod tempor incididunt ut labore et dolore magna aliqua.
 1 | 1000 | Lorem ipsum dolor sit amet, consectetur adipisicing elit, sed do eiusmod tempor incididunt ut labore et dolore magna aliqua.
 1 | 1000 | Lorem ipsum dolor sit amet, consectetur adipisicing elit, sed do eiusmod tempor incididunt ut labore et dolore magna aliqua.
 1 | 1000 | Lorem ipsum dolor sit amet, consectetur adipisicing elit, sed do eiusmod tempor incididunt ut labore et dolore magna aliqua.
 1 | 1000 | Lorem ipsum dolor sit amet, consectetur adipisicing elit, sed do eiusmod tempor incididunt ut labore et dolore magna aliqua.
 1 | 1000 | Lorem ipsum dolor sit amet, consectetur adipisicing elit, sed do eiusmod tempor incididunt ut labore et dolore magna aliqua.
 1 | 1000 | Lorem ipsum dolor sit amet, consectetur adipisicing elit, sed do eiusmod tempor incididunt ut labore et dolore magna aliqua.
 1 | 1000 | Lorem ipsum dolor sit amet, consectetur adipisicing elit, sed do eiusmod tempor incididunt ut labore et dolore magna aliqua.
 1 | 1000 | Lorem ipsum dolor sit amet, consectetur adipisicing elit, sed do eiusmod tempor incididunt ut labore et dolore magna aliqua.
 1 | 1000 | Lorem ipsum dolor sit amet, consectetur adipisicing elit, sed do eiusmod tempor incididunt ut labore et dolore magna aliqua.
 1 | 1000 | Lorem ipsum dolor sit amet, consectetur adipisicing elit, sed do eiusmod tempor incididunt ut labore et dolore magna aliqua.
 1 | 1000 | Lorem ipsum dolor sit amet, consectetur adipisicing elit, sed do eiusmod tempor incididunt ut labore et dolore magna aliqua.
 1 | 1000 | Lorem ipsum dolor sit amet, consectetur adipisicing elit, sed do eiusmod tempor incididunt ut labore et dolore magna aliqua.
 1 | 1000 | Lorem ipsum dolor sit amet, consectetur adipisicing elit, sed do eiusmod tempor incididunt ut labore et dolore magna aliqua.
 1 | 1000 | Lorem ipsum dolor sit amet, consectetur adipisicing elit, sed do eiusmod tempor incididunt ut labore et dolore magna aliqua.
 1 | 1000 | Lorem ipsum dolor sit amet, consectetur adipisicing elit, sed do eiusmod tempor incididunt ut labore et dolore magna aliqua.
 1 | 1000 | Lorem ipsum dolor sit amet, consectetur adipisicing elit, sed do eiusmod tempor incididunt ut labore et dolore magna aliqua.
(20 rows)

select * from skewed_for_gpic, spread_for_gpic where skewed_for_gpic.a = spread_for_gpic.b order by 1 asc, 2, 3 asc, 4 limit 20;
 a | b | a  | b 
---+---+----+---
 1 | 1 |  1 | 1
 1 | 1 |  2 | 1
 1 | 1 |  3 | 1
 1 | 1 |  4 | 1
 1 | 1 |  5 | 1
 1 | 1 |  6 | 1
 1 | 1 |  7 | 1
 1 | 1 |  8 | 1
 1 | 1 |  9 | 1
 1 | 1 | 10 | 1
 1 | 1 | 11 | 1
 1 | 1 | 12 | 1
 1 | 1 | 13 | 1
 1 | 1 | 14 | 1
 1 | 1 | 15 | 1
 1 | 1 | 16 | 1
 1 | 1 | 17 | 1
 1 | 1 | 18 | 1
 1 | 1 | 19 | 1
 1 | 1 | 20 | 1
(20 rows)

drop table if exists foo_for_gpic;
create table foo_for_gpic (a int, b text);
NOTICE:  Table doesn't have 'DISTRIBUTED BY' clause -- Using column named 'a' as the Greenplum Database data distribution key for this table.
HINT:  The 'DISTRIBUTED BY' clause determines the distribution of data. Make sure column(s) chosen are the optimal data distribution key to minimize skew.
begin;
set gp_interconnect_type=nil;
WARNING:  Nil-Interconnect diagnostic mode enabled (tuple will be dropped).
insert into foo_for_gpic values (1, 'test');
select * from foo_for_gpic;
 a | b 
---+---
(0 rows)

abort;
WARNING:  Nil-Interconnect diagnostic mode disabled.
set gp_enable_mk_sort = on;
drop table if exists foo_for_gpic;
set gp_interconnect_type=udp;
create temp table gpic_test1 (timet numeric(16,6));
NOTICE:  Table doesn't have 'DISTRIBUTED BY' clause -- Using column named 'timet' as the Greenplum Database data distribution key for this table.
HINT:  The 'DISTRIBUTED BY' clause determines the distribution of data. Make sure column(s) chosen are the optimal data distribution key to minimize skew.
create temp sequence gpic_snoid start 1;
insert into gpic_test1 values (33.0),(33.0),(33.0);
select nextval('gpic_snoid'),to_timestamp(timet) from gpic_test1;
 nextval |         to_timestamp         
---------+------------------------------
       1 | Wed Dec 31 16:00:33 1969 PST
       2 | Wed Dec 31 16:00:33 1969 PST
       3 | Wed Dec 31 16:00:33 1969 PST
(3 rows)

-- TEST for MPP-7835: directed dispatch interaction with TCP-IC
DROP TABLE IF EXISTS MWV_CDetail_TABLE;
NOTICE:  table "mwv_cdetail_table" does not exist, skipping
CREATE TABLE MWV_CDetail_TABLE(
 ATTRIBUTE066 DATE,
 ATTRIBUTE084 TIMESTAMP,
 ATTRIBUTE097 BYTEA,
 ATTRIBUTE096 BIGINT,
 ATTRIBUTE032 VARCHAR (3),
 ATTRIBUTE031 VARCHAR (20),
 ATTRIBUTE151 VARCHAR (4000),
 ATTRIBUTE037 VARCHAR (4000),
 ATTRIBUTE047 VARCHAR (2048)
)
with (appendonly=true, orientation=column, compresstype=quicklz)
distributed by (attribute066)
partition by range (attribute066)
(start (date '2009-10-01') inclusive end (date '2009-12-31') inclusive every (interval '1 week'));
NOTICE:  CREATE TABLE will create partition "mwv_cdetail_table_1_prt_1" for table "mwv_cdetail_table"
NOTICE:  CREATE TABLE will create partition "mwv_cdetail_table_1_prt_2" for table "mwv_cdetail_table"
NOTICE:  CREATE TABLE will create partition "mwv_cdetail_table_1_prt_3" for table "mwv_cdetail_table"
NOTICE:  CREATE TABLE will create partition "mwv_cdetail_table_1_prt_4" for table "mwv_cdetail_table"
NOTICE:  CREATE TABLE will create partition "mwv_cdetail_table_1_prt_5" for table "mwv_cdetail_table"
NOTICE:  CREATE TABLE will create partition "mwv_cdetail_table_1_prt_6" for table "mwv_cdetail_table"
NOTICE:  CREATE TABLE will create partition "mwv_cdetail_table_1_prt_7" for table "mwv_cdetail_table"
NOTICE:  CREATE TABLE will create partition "mwv_cdetail_table_1_prt_8" for table "mwv_cdetail_table"
NOTICE:  CREATE TABLE will create partition "mwv_cdetail_table_1_prt_9" for table "mwv_cdetail_table"
NOTICE:  CREATE TABLE will create partition "mwv_cdetail_table_1_prt_10" for table "mwv_cdetail_table"
NOTICE:  CREATE TABLE will create partition "mwv_cdetail_table_1_prt_11" for table "mwv_cdetail_table"
NOTICE:  CREATE TABLE will create partition "mwv_cdetail_table_1_prt_12" for table "mwv_cdetail_table"
NOTICE:  CREATE TABLE will create partition "mwv_cdetail_table_1_prt_13" for table "mwv_cdetail_table"
set gp_enable_direct_dispatch=off;
set gp_interconnect_type=tcp;
SELECT
  ATTRIBUTE066,ATTRIBUTE032 ,ATTRIBUTE031
 ,COUNT(*) AS CNT
FROM 
  MWV_CDETAIL_TABLE
WHERE ATTRIBUTE066 = '2009-12-31'::date - 1
GROUP BY ATTRIBUTE066,ATTRIBUTE032 ,ATTRIBUTE031;
 attribute066 | attribute032 | attribute031 | cnt 
--------------+--------------+--------------+-----
(0 rows)

set gp_enable_direct_dispatch=on;
SELECT
  ATTRIBUTE066,ATTRIBUTE032 ,ATTRIBUTE031
 ,COUNT(*) AS CNT
FROM 
  MWV_CDETAIL_TABLE
WHERE ATTRIBUTE066 = '2009-12-31'::date - 1
GROUP BY ATTRIBUTE066,ATTRIBUTE032 ,ATTRIBUTE031;
 attribute066 | attribute032 | attribute031 | cnt 
--------------+--------------+--------------+-----
(0 rows)

set gp_enable_direct_dispatch=off;
set gp_interconnect_type=udp;
SELECT
  ATTRIBUTE066,ATTRIBUTE032 ,ATTRIBUTE031
 ,COUNT(*) AS CNT
FROM 
  MWV_CDETAIL_TABLE
WHERE ATTRIBUTE066 = '2009-12-31'::date - 1
GROUP BY ATTRIBUTE066,ATTRIBUTE032 ,ATTRIBUTE031;
 attribute066 | attribute032 | attribute031 | cnt 
--------------+--------------+--------------+-----
(0 rows)

set gp_enable_direct_dispatch=on;
SELECT
  ATTRIBUTE066,ATTRIBUTE032 ,ATTRIBUTE031
 ,COUNT(*) AS CNT
FROM 
  MWV_CDETAIL_TABLE
WHERE ATTRIBUTE066 = '2009-12-31'::date - 1
GROUP BY ATTRIBUTE066,ATTRIBUTE032 ,ATTRIBUTE031;
 attribute066 | attribute032 | attribute031 | cnt 
--------------+--------------+--------------+-----
(0 rows)

DROP TABLE IF EXISTS MWV_CDetail_TABLE;
