CREATE DATABASE goh_database;
DROP DATABASE goh_database;
-- should be a clean databse
CREATE DATABASE goh_database1;
\c goh_database1
CREATE TABLE x(c int);
NOTICE:  Table doesn't have 'DISTRIBUTED BY' clause -- Using column named 'c' as the Greenplum Database data distribution key for this table.
HINT:  The 'DISTRIBUTED BY' clause determines the distribution of data. Make sure column(s) chosen are the optimal data distribution key to minimize skew.
INSERT INTO x VALUES(generate_series(1, 10));
SELECT * FROM x ORDER BY c;
 c  
----
  1
  2
  3
  4
  5
  6
  7
  8
  9
 10
(10 rows)

DROP TABLE x;
\c regression
-- table should be removed
CREATE DATABASE goh_database2;
\c goh_database2
CREATE TABLE x(c int);
NOTICE:  Table doesn't have 'DISTRIBUTED BY' clause -- Using column named 'c' as the Greenplum Database data distribution key for this table.
HINT:  The 'DISTRIBUTED BY' clause determines the distribution of data. Make sure column(s) chosen are the optimal data distribution key to minimize skew.
INSERT INTO x VALUES(generate_series(1, 10));
SELECT * FROM x ORDER BY c;
 c  
----
  1
  2
  3
  4
  5
  6
  7
  8
  9
 10
(10 rows)

\c regression
CREATE TABLESPACE goh_regression_tablespace1 FILESPACE dfs_system;
CREATE DATABASE goh_database3 TABLESPACE goh_regression_tablespace1;
\c goh_database3
CREATE TABLE x(c int);
NOTICE:  Table doesn't have 'DISTRIBUTED BY' clause -- Using column named 'c' as the Greenplum Database data distribution key for this table.
HINT:  The 'DISTRIBUTED BY' clause determines the distribution of data. Make sure column(s) chosen are the optimal data distribution key to minimize skew.
INSERT INTO x VALUES(generate_series(1, 10));
SELECT * FROM x ORDER BY c;
 c  
----
  1
  2
  3
  4
  5
  6
  7
  8
  9
 10
(10 rows)

\d x
 Append-Only Table "public.x"
 Column |  Type   | Modifiers 
--------+---------+-----------
 c      | integer | 
Compression Type: None
Compression Level: 0
Block Size: 32768
Checksum: f
Distributed randomly

\c regression
BEGIN;
CREATE TABLESPACE goh_regression_tablespace2 FILESPACE dfs_system;
CREATE TABLE x(c int) TABLESPACE goh_regression_tablespace2;
NOTICE:  Table doesn't have 'DISTRIBUTED BY' clause -- Using column named 'c' as the Greenplum Database data distribution key for this table.
HINT:  The 'DISTRIBUTED BY' clause determines the distribution of data. Make sure column(s) chosen are the optimal data distribution key to minimize skew.
INSERT INTO x VALUES(generate_series(1, 10));
SELECT * FROM x ORDER BY c;
 c  
----
  1
  2
  3
  4
  5
  6
  7
  8
  9
 10
(10 rows)

\d x
 Append-Only Table "public.x"
 Column |  Type   | Modifiers 
--------+---------+-----------
 c      | integer | 
Compression Type: None
Compression Level: 0
Block Size: 32768
Checksum: f
Distributed randomly
Tablespace: "goh_regression_tablespace2"

ROLLBACK;
DROP DATABASE goh_database1;
DROP DATABASE goh_database2;
DROP DATABASE goh_database3;
DROP TABLESPACE goh_regression_tablespace1;
