-- gp_toolkit
--
-- NOTE: currently in a very initial version. only checks of tables are defined in template1:pg_class.
--       needs to be extended to something more meaningful.
\c template1
select relname from pg_class where relnamespace in (select oid from pg_namespace where nspname = 'gp_toolkit') order by relname;
                relname                 
----------------------------------------
 __gp_fullname
 __gp_is_append_only
 __gp_localid
 __gp_log_master_ext
 __gp_log_segment_ext
 __gp_masterid
 __gp_number_of_segments
 __gp_user_data_tables
 __gp_user_data_tables_readable
 __gp_user_namespaces
 __gp_user_tables
 gp_bloat_diag
 gp_bloat_expected_pages
 gp_disk_free
 gp_locks_on_relation
 gp_locks_on_resqueue
 gp_log_command_timings
 gp_log_database
 gp_log_master_concise
 gp_log_system
 gp_param_setting_t
 gp_param_settings_seg_value_diffs
 gp_pgdatabase_invalid
 gp_resq_activity
 gp_resq_activity_by_queue
 gp_resq_priority_backend
 gp_resq_priority_statement
 gp_resq_role
 gp_resqueue_status
 gp_roles_assigned
 gp_size_of_all_table_indexes
 gp_size_of_database
 gp_size_of_index
 gp_size_of_partition_and_indexes_disk
 gp_size_of_schema_disk
 gp_size_of_table_and_indexes_disk
 gp_size_of_table_and_indexes_licensing
 gp_size_of_table_disk
 gp_size_of_table_uncompressed
 gp_skew_analysis_t
 gp_skew_coefficients
 gp_skew_details_t
 gp_skew_idle_fractions
 gp_stats_missing
 gp_table_indexes
(45 rows)

\c regression
