/*
 * ALL SEGMENTS RECOVERYED
 */
SET gp_test_failed_segmentid_number = 0;
