-- Matrix multiply array[x][m] * array[m][y]
select matrix_multiply(ARRAY[[1,2]]::int2[], ARRAY[[1],[2]]::int2[]);
 matrix_multiply 
-----------------
 {{5}}
(1 row)

select matrix_multiply(ARRAY[[1,2]]::int2[], ARRAY[[1],[2]]::int4[]);
 matrix_multiply 
-----------------
 {{5}}
(1 row)

select matrix_multiply(ARRAY[[1,2]]::int2[], ARRAY[[1],[2]]::int8[]);
 matrix_multiply 
-----------------
 {{5}}
(1 row)

select matrix_multiply(ARRAY[[1,2]]::int2[], ARRAY[[1],[2]]::float4[]);
 matrix_multiply 
-----------------
 {{5}}
(1 row)

select matrix_multiply(ARRAY[[1,2]]::int2[], ARRAY[[1],[2]]::float8[]);
 matrix_multiply 
-----------------
 {{5}}
(1 row)

select matrix_multiply(ARRAY[[1,2]]::int2[], ARRAY[[1],[2]]::numeric[]);
 matrix_multiply 
-----------------
 {{5}}
(1 row)

select matrix_multiply(ARRAY[[1,2]]::int4[], ARRAY[[1],[2]]::int2[]);
 matrix_multiply 
-----------------
 {{5}}
(1 row)

select matrix_multiply(ARRAY[[1,2]]::int4[], ARRAY[[1],[2]]::int4[]);
 matrix_multiply 
-----------------
 {{5}}
(1 row)

select matrix_multiply(ARRAY[[1,2]]::int4[], ARRAY[[1],[2]]::int8[]);
 matrix_multiply 
-----------------
 {{5}}
(1 row)

select matrix_multiply(ARRAY[[1,2]]::int4[], ARRAY[[1],[2]]::float4[]);
 matrix_multiply 
-----------------
 {{5}}
(1 row)

select matrix_multiply(ARRAY[[1,2]]::int4[], ARRAY[[1],[2]]::float8[]);
 matrix_multiply 
-----------------
 {{5}}
(1 row)

select matrix_multiply(ARRAY[[1,2]]::int4[], ARRAY[[1],[2]]::numeric[]);
 matrix_multiply 
-----------------
 {{5}}
(1 row)

select matrix_multiply(ARRAY[[1,2]]::int8[], ARRAY[[1],[2]]::int2[]);
 matrix_multiply 
-----------------
 {{5}}
(1 row)

select matrix_multiply(ARRAY[[1,2]]::int8[], ARRAY[[1],[2]]::int4[]);
 matrix_multiply 
-----------------
 {{5}}
(1 row)

select matrix_multiply(ARRAY[[1,2]]::int8[], ARRAY[[1],[2]]::int8[]);
 matrix_multiply 
-----------------
 {{5}}
(1 row)

select matrix_multiply(ARRAY[[1,2]]::int8[], ARRAY[[1],[2]]::float4[]);
 matrix_multiply 
-----------------
 {{5}}
(1 row)

select matrix_multiply(ARRAY[[1,2]]::int8[], ARRAY[[1],[2]]::float8[]);
 matrix_multiply 
-----------------
 {{5}}
(1 row)

select matrix_multiply(ARRAY[[1,2]]::int8[], ARRAY[[1],[2]]::numeric[]);
 matrix_multiply 
-----------------
 {{5}}
(1 row)

select matrix_multiply(ARRAY[[1,2]]::float4[], ARRAY[[1],[2]]::int2[]);
 matrix_multiply 
-----------------
 {{5}}
(1 row)

select matrix_multiply(ARRAY[[1,2]]::float4[], ARRAY[[1],[2]]::int4[]);
 matrix_multiply 
-----------------
 {{5}}
(1 row)

select matrix_multiply(ARRAY[[1,2]]::float4[], ARRAY[[1],[2]]::int8[]);
 matrix_multiply 
-----------------
 {{5}}
(1 row)

select matrix_multiply(ARRAY[[1,2]]::float4[], ARRAY[[1],[2]]::float4[]);
 matrix_multiply 
-----------------
 {{5}}
(1 row)

select matrix_multiply(ARRAY[[1,2]]::float4[], ARRAY[[1],[2]]::float8[]);
 matrix_multiply 
-----------------
 {{5}}
(1 row)

select matrix_multiply(ARRAY[[1,2]]::float4[], ARRAY[[1],[2]]::numeric[]);
 matrix_multiply 
-----------------
 {{5}}
(1 row)

select matrix_multiply(ARRAY[[1,2]]::float8[], ARRAY[[1],[2]]::int2[]);
 matrix_multiply 
-----------------
 {{5}}
(1 row)

select matrix_multiply(ARRAY[[1,2]]::float8[], ARRAY[[1],[2]]::int4[]);
 matrix_multiply 
-----------------
 {{5}}
(1 row)

select matrix_multiply(ARRAY[[1,2]]::float8[], ARRAY[[1],[2]]::int8[]);
 matrix_multiply 
-----------------
 {{5}}
(1 row)

select matrix_multiply(ARRAY[[1,2]]::float8[], ARRAY[[1],[2]]::float4[]);
 matrix_multiply 
-----------------
 {{5}}
(1 row)

select matrix_multiply(ARRAY[[1,2]]::float8[], ARRAY[[1],[2]]::float8[]);
 matrix_multiply 
-----------------
 {{5}}
(1 row)

select matrix_multiply(ARRAY[[1,2]]::float8[], ARRAY[[1],[2]]::numeric[]);
 matrix_multiply 
-----------------
 {{5}}
(1 row)

select matrix_multiply(ARRAY[[1,2]]::numeric[], ARRAY[[1],[2]]::int2[]);
 matrix_multiply 
-----------------
 {{5}}
(1 row)

select matrix_multiply(ARRAY[[1,2]]::numeric[], ARRAY[[1],[2]]::int4[]);
 matrix_multiply 
-----------------
 {{5}}
(1 row)

select matrix_multiply(ARRAY[[1,2]]::numeric[], ARRAY[[1],[2]]::int8[]);
 matrix_multiply 
-----------------
 {{5}}
(1 row)

select matrix_multiply(ARRAY[[1,2]]::numeric[], ARRAY[[1],[2]]::float4[]);
 matrix_multiply 
-----------------
 {{5}}
(1 row)

select matrix_multiply(ARRAY[[1,2]]::numeric[], ARRAY[[1],[2]]::float8[]);
 matrix_multiply 
-----------------
 {{5}}
(1 row)

select matrix_multiply(ARRAY[[1,2]]::numeric[], ARRAY[[1],[2]]::numeric[]);
 matrix_multiply 
-----------------
 {{5}}
(1 row)

-- Matrix multiply array[x][m] * scalar
select matrix_multiply(ARRAY[[1,2]]::int2[], 5::int2);
 matrix_multiply 
-----------------
 {{5,10}}
(1 row)

select matrix_multiply(ARRAY[[1,2]]::int2[], 5::int4);
 matrix_multiply 
-----------------
 {{5,10}}
(1 row)

select matrix_multiply(ARRAY[[1,2]]::int2[], 5::int8);
 matrix_multiply 
-----------------
 {{5,10}}
(1 row)

select matrix_multiply(ARRAY[[1,2]]::int2[], 5::float4);
 matrix_multiply 
-----------------
 {{5,10}}
(1 row)

select matrix_multiply(ARRAY[[1,2]]::int2[], 5::float8);
 matrix_multiply 
-----------------
 {{5,10}}
(1 row)

select matrix_multiply(ARRAY[[1,2]]::int2[], 5::numeric);
 matrix_multiply 
-----------------
 {{5,10}}
(1 row)

select matrix_multiply(ARRAY[[1,2]]::int4[], 5::int2);
 matrix_multiply 
-----------------
 {{5,10}}
(1 row)

select matrix_multiply(ARRAY[[1,2]]::int4[], 5::int4);
 matrix_multiply 
-----------------
 {{5,10}}
(1 row)

select matrix_multiply(ARRAY[[1,2]]::int4[], 5::int8);
 matrix_multiply 
-----------------
 {{5,10}}
(1 row)

select matrix_multiply(ARRAY[[1,2]]::int4[], 5::float4);
 matrix_multiply 
-----------------
 {{5,10}}
(1 row)

select matrix_multiply(ARRAY[[1,2]]::int4[], 5::float8);
 matrix_multiply 
-----------------
 {{5,10}}
(1 row)

select matrix_multiply(ARRAY[[1,2]]::int4[], 5::numeric);
 matrix_multiply 
-----------------
 {{5,10}}
(1 row)

select matrix_multiply(ARRAY[[1,2]]::int8[], 5::int2);
 matrix_multiply 
-----------------
 {{5,10}}
(1 row)

select matrix_multiply(ARRAY[[1,2]]::int8[], 5::int4);
 matrix_multiply 
-----------------
 {{5,10}}
(1 row)

select matrix_multiply(ARRAY[[1,2]]::int8[], 5::int8);
 matrix_multiply 
-----------------
 {{5,10}}
(1 row)

select matrix_multiply(ARRAY[[1,2]]::int8[], 5::float4);
 matrix_multiply 
-----------------
 {{5,10}}
(1 row)

select matrix_multiply(ARRAY[[1,2]]::int8[], 5::float8);
 matrix_multiply 
-----------------
 {{5,10}}
(1 row)

select matrix_multiply(ARRAY[[1,2]]::int8[], 5::numeric);
 matrix_multiply 
-----------------
 {{5,10}}
(1 row)

select matrix_multiply(ARRAY[[1,2]]::float4[], 5::int2);
 matrix_multiply 
-----------------
 {{5,10}}
(1 row)

select matrix_multiply(ARRAY[[1,2]]::float4[], 5::int4);
 matrix_multiply 
-----------------
 {{5,10}}
(1 row)

select matrix_multiply(ARRAY[[1,2]]::float4[], 5::int8);
 matrix_multiply 
-----------------
 {{5,10}}
(1 row)

select matrix_multiply(ARRAY[[1,2]]::float4[], 5::float4);
 matrix_multiply 
-----------------
 {{5,10}}
(1 row)

select matrix_multiply(ARRAY[[1,2]]::float4[], 5::float8);
 matrix_multiply 
-----------------
 {{5,10}}
(1 row)

select matrix_multiply(ARRAY[[1,2]]::float4[], 5::numeric);
 matrix_multiply 
-----------------
 {{5,10}}
(1 row)

select matrix_multiply(ARRAY[[1,2]]::float8[], 5::int2);
 matrix_multiply 
-----------------
 {{5,10}}
(1 row)

select matrix_multiply(ARRAY[[1,2]]::float8[], 5::int4);
 matrix_multiply 
-----------------
 {{5,10}}
(1 row)

select matrix_multiply(ARRAY[[1,2]]::float8[], 5::int8);
 matrix_multiply 
-----------------
 {{5,10}}
(1 row)

select matrix_multiply(ARRAY[[1,2]]::float8[], 5::float4);
 matrix_multiply 
-----------------
 {{5,10}}
(1 row)

select matrix_multiply(ARRAY[[1,2]]::float8[], 5::float8);
 matrix_multiply 
-----------------
 {{5,10}}
(1 row)

select matrix_multiply(ARRAY[[1,2]]::float8[], 5::numeric);
 matrix_multiply 
-----------------
 {{5,10}}
(1 row)

select matrix_multiply(ARRAY[[1,2]]::numeric[], 5::int2);
 matrix_multiply 
-----------------
 {{5,10}}
(1 row)

select matrix_multiply(ARRAY[[1,2]]::numeric[], 5::int4);
 matrix_multiply 
-----------------
 {{5,10}}
(1 row)

select matrix_multiply(ARRAY[[1,2]]::numeric[], 5::int8);
 matrix_multiply 
-----------------
 {{5,10}}
(1 row)

select matrix_multiply(ARRAY[[1,2]]::numeric[], 5::float4);
 matrix_multiply 
-----------------
 {{5,10}}
(1 row)

select matrix_multiply(ARRAY[[1,2]]::numeric[], 5::float8);
 matrix_multiply 
-----------------
 {{5,10}}
(1 row)

select matrix_multiply(ARRAY[[1,2]]::numeric[], 5::numeric);
 matrix_multiply 
-----------------
 {{5,10}}
(1 row)

-- matrix add array[] + array[]
select matrix_add(ARRAY[[1,2]]::int2[], ARRAY[[1,2]]::int2[]);
 matrix_add 
------------
 {{2,4}}
(1 row)

select matrix_add(ARRAY[[1,2]]::int2[], ARRAY[[1,2]]::int4[]);
 matrix_add 
------------
 {{2,4}}
(1 row)

select matrix_add(ARRAY[[1,2]]::int2[], ARRAY[[1,2]]::int8[]);
 matrix_add 
------------
 {{2,4}}
(1 row)

select matrix_add(ARRAY[[1,2]]::int2[], ARRAY[[1,2]]::float4[]);
 matrix_add 
------------
 {{2,4}}
(1 row)

select matrix_add(ARRAY[[1,2]]::int2[], ARRAY[[1,2]]::float8[]);
 matrix_add 
------------
 {{2,4}}
(1 row)

select matrix_add(ARRAY[[1,2]]::int2[], ARRAY[[1,2]]::numeric[]);
 matrix_add 
------------
 {{2,4}}
(1 row)

select matrix_add(ARRAY[[1,2]]::int4[], ARRAY[[1,2]]::int2[]);
 matrix_add 
------------
 {{2,4}}
(1 row)

select matrix_add(ARRAY[[1,2]]::int4[], ARRAY[[1,2]]::int4[]);
 matrix_add 
------------
 {{2,4}}
(1 row)

select matrix_add(ARRAY[[1,2]]::int4[], ARRAY[[1,2]]::int8[]);
 matrix_add 
------------
 {{2,4}}
(1 row)

select matrix_add(ARRAY[[1,2]]::int4[], ARRAY[[1,2]]::float4[]);
 matrix_add 
------------
 {{2,4}}
(1 row)

select matrix_add(ARRAY[[1,2]]::int4[], ARRAY[[1,2]]::float8[]);
 matrix_add 
------------
 {{2,4}}
(1 row)

select matrix_add(ARRAY[[1,2]]::int4[], ARRAY[[1,2]]::numeric[]);
 matrix_add 
------------
 {{2,4}}
(1 row)

select matrix_add(ARRAY[[1,2]]::int8[], ARRAY[[1,2]]::int2[]);
 matrix_add 
------------
 {{2,4}}
(1 row)

select matrix_add(ARRAY[[1,2]]::int8[], ARRAY[[1,2]]::int4[]);
 matrix_add 
------------
 {{2,4}}
(1 row)

select matrix_add(ARRAY[[1,2]]::int8[], ARRAY[[1,2]]::int8[]);
 matrix_add 
------------
 {{2,4}}
(1 row)

select matrix_add(ARRAY[[1,2]]::int8[], ARRAY[[1,2]]::float4[]);
 matrix_add 
------------
 {{2,4}}
(1 row)

select matrix_add(ARRAY[[1,2]]::int8[], ARRAY[[1,2]]::float8[]);
 matrix_add 
------------
 {{2,4}}
(1 row)

select matrix_add(ARRAY[[1,2]]::int8[], ARRAY[[1,2]]::numeric[]);
 matrix_add 
------------
 {{2,4}}
(1 row)

select matrix_add(ARRAY[[1,2]]::float4[], ARRAY[[1,2]]::int2[]);
 matrix_add 
------------
 {{2,4}}
(1 row)

select matrix_add(ARRAY[[1,2]]::float4[], ARRAY[[1,2]]::int4[]);
 matrix_add 
------------
 {{2,4}}
(1 row)

select matrix_add(ARRAY[[1,2]]::float4[], ARRAY[[1,2]]::int8[]);
 matrix_add 
------------
 {{2,4}}
(1 row)

select matrix_add(ARRAY[[1,2]]::float4[], ARRAY[[1,2]]::float4[]);
 matrix_add 
------------
 {{2,4}}
(1 row)

select matrix_add(ARRAY[[1,2]]::float4[], ARRAY[[1,2]]::float8[]);
 matrix_add 
------------
 {{2,4}}
(1 row)

select matrix_add(ARRAY[[1,2]]::float4[], ARRAY[[1,2]]::numeric[]);
 matrix_add 
------------
 {{2,4}}
(1 row)

select matrix_add(ARRAY[[1,2]]::float8[], ARRAY[[1,2]]::int2[]);
 matrix_add 
------------
 {{2,4}}
(1 row)

select matrix_add(ARRAY[[1,2]]::float8[], ARRAY[[1,2]]::int4[]);
 matrix_add 
------------
 {{2,4}}
(1 row)

select matrix_add(ARRAY[[1,2]]::float8[], ARRAY[[1,2]]::int8[]);
 matrix_add 
------------
 {{2,4}}
(1 row)

select matrix_add(ARRAY[[1,2]]::float8[], ARRAY[[1,2]]::float4[]);
 matrix_add 
------------
 {{2,4}}
(1 row)

select matrix_add(ARRAY[[1,2]]::float8[], ARRAY[[1,2]]::float8[]);
 matrix_add 
------------
 {{2,4}}
(1 row)

select matrix_add(ARRAY[[1,2]]::float8[], ARRAY[[1,2]]::numeric[]);
 matrix_add 
------------
 {{2,4}}
(1 row)

select matrix_add(ARRAY[[1,2]]::numeric[], ARRAY[[1,2]]::int2[]);
 matrix_add 
------------
 {{2,4}}
(1 row)

select matrix_add(ARRAY[[1,2]]::numeric[], ARRAY[[1,2]]::int4[]);
 matrix_add 
------------
 {{2,4}}
(1 row)

select matrix_add(ARRAY[[1,2]]::numeric[], ARRAY[[1,2]]::int8[]);
 matrix_add 
------------
 {{2,4}}
(1 row)

select matrix_add(ARRAY[[1,2]]::numeric[], ARRAY[[1,2]]::float4[]);
 matrix_add 
------------
 {{2,4}}
(1 row)

select matrix_add(ARRAY[[1,2]]::numeric[], ARRAY[[1,2]]::float8[]);
 matrix_add 
------------
 {{2,4}}
(1 row)

select matrix_add(ARRAY[[1,2]]::numeric[], ARRAY[[1,2]]::numeric[]);
 matrix_add 
------------
 {{2,4}}
(1 row)

create table dtype
(tint2     int2[],
 tint4     int4[],
 tint8     int8[],
 tfloat4   float4[],
 tfloat8   float8[],
 tnumeric  numeric[]) 
Distributed randomly;
insert into dtype values(
  array[1,   2,   3],
  array[1,   2,   3],
  array[1,   2,   3],
  array[1.1, 2.2, 3.3],
  array[1.1, 2.2, 3.3],
  array[1.1, 2.2, 3.3]
);
insert into dtype values(
  array[5,   4,   3],
  array[5,   4,   3],
  array[5,   4,   3],
  array[5.1, 4.2, 3.3],
  array[5.1, 4.2, 3.3],
  array[5.1, 4.2, 3.3]
);
select sum(tint2)    from dtype;
   sum   
---------
 {6,6,6}
(1 row)

select sum(tint4)    from dtype;
   sum   
---------
 {6,6,6}
(1 row)

select sum(tint8)    from dtype;
   sum   
---------
 {6,6,6}
(1 row)

select sum(tfloat4)  from dtype;
                         sum                          
------------------------------------------------------
 {6.19999992847443,6.39999985694885,6.59999990463257}
(1 row)

select sum(tfloat8)  from dtype;
      sum      
---------------
 {6.2,6.4,6.6}
(1 row)

select sum(tnumeric) from dtype;
      sum      
---------------
 {6.2,6.4,6.6}
(1 row)

-- should be able to handle null values during sumation
insert into dtype values(null, null, null, null, null, null);
select sum(tint2)    from dtype;
   sum   
---------
 {6,6,6}
(1 row)

select sum(tint4)    from dtype;
   sum   
---------
 {6,6,6}
(1 row)

select sum(tint8)    from dtype;
   sum   
---------
 {6,6,6}
(1 row)

select sum(tfloat4)  from dtype;
                         sum                          
------------------------------------------------------
 {6.19999992847443,6.39999985694885,6.59999990463257}
(1 row)

select sum(tfloat8)  from dtype;
      sum      
---------------
 {6.2,6.4,6.6}
(1 row)

select sum(tnumeric) from dtype;
      sum      
---------------
 {6.2,6.4,6.6}
(1 row)

-- these should fail, but tell us what the return type of sum() was
select sum(tint2)::boolean[]     from dtype;  -- bigint[]
ERROR:  cannot cast type bigint[] to boolean[]
LINE 1: select sum(tint2)::boolean[]     from dtype;
                           ^
select sum(tint4)::boolean[]     from dtype;  -- bigint[]
ERROR:  cannot cast type bigint[] to boolean[]
LINE 1: select sum(tint4)::boolean[]     from dtype;
                           ^
select sum(tint8)::boolean[]     from dtype;  -- bigint[]
ERROR:  cannot cast type bigint[] to boolean[]
LINE 1: select sum(tint8)::boolean[]     from dtype;
                           ^
select sum(tfloat4)::boolean[]   from dtype;  -- float8[]
ERROR:  cannot cast type double precision[] to boolean[]
LINE 1: select sum(tfloat4)::boolean[]   from dtype;
                             ^
select sum(tfloat8)::boolean[]   from dtype;  -- float8[]
ERROR:  cannot cast type double precision[] to boolean[]
LINE 1: select sum(tfloat8)::boolean[]   from dtype;
                             ^
select sum(tnumeric)::boolean[]  from dtype;  -- float8[]
ERROR:  cannot cast type double precision[] to boolean[]
LINE 1: select sum(tnumeric)::boolean[]  from dtype;
                              ^
-- What would normal sum do?
select sum(tint2[1])::boolean     from dtype;  -- bigint
ERROR:  cannot cast type bigint to boolean
LINE 1: select sum(tint2[1])::boolean     from dtype;
                              ^
select sum(tint4[1])::boolean     from dtype;  -- bigint
ERROR:  cannot cast type bigint to boolean
LINE 1: select sum(tint4[1])::boolean     from dtype;
                              ^
select sum(tint8[1])::boolean     from dtype;  -- numeric  (bigint above)
ERROR:  cannot cast type numeric to boolean
LINE 1: select sum(tint8[1])::boolean     from dtype;
                              ^
select sum(tfloat4[1])::boolean   from dtype;  -- float4   (float8 above)
ERROR:  cannot cast type real to boolean
LINE 1: select sum(tfloat4[1])::boolean   from dtype;
                                ^
select sum(tfloat8[1])::boolean   from dtype;  -- float8
ERROR:  cannot cast type double precision to boolean
LINE 1: select sum(tfloat8[1])::boolean   from dtype;
                                ^
select sum(tnumeric[1])::boolean  from dtype;  -- numeric
ERROR:  cannot cast type numeric to boolean
LINE 1: select sum(tnumeric[1])::boolean  from dtype;
                                 ^
-- Matrix inversion 
select pinv(array[[1,-1,3],[2,1,2],[-2,-2,1]])::numeric(10,8)[] as pinv;
                                                      pinv                                                      
----------------------------------------------------------------------------------------------------------------
 {{1.00000000,-1.00000000,-1.00000000},{-1.20000000,1.40000000,0.80000000},{-0.40000000,0.80000000,0.60000000}}
(1 row)

-- Ensure that  AA' = A'A
select matrix_multiply(array[[1,-1,3],[2,1,2],[-2,-2,1]], 
                       pinv(array[[1,-1,3],[2,1,2],[-2,-2,1]]))::numeric(10,8)[] as "AA'";
                                                    AA'                                                     
------------------------------------------------------------------------------------------------------------
 {{1.00000000,0.00000000,0.00000000},{0.00000000,1.00000000,0.00000000},{0.00000000,0.00000000,1.00000000}}
(1 row)

select matrix_multiply(pinv(array[[1,-1,3],[2,1,2],[-2,-2,1]]),
                       array[[1,-1,3],[2,1,2],[-2,-2,1]])::numeric(10,8)[] as "A'A";
                                                    A'A                                                     
------------------------------------------------------------------------------------------------------------
 {{1.00000000,0.00000000,0.00000000},{0.00000000,1.00000000,0.00000000},{0.00000000,0.00000000,1.00000000}}
(1 row)

drop table dtype;
-- Check overflow
--SMALLINT: [-32768, 32767]
select matrix_add(array[32767]::smallint[], array[1]::smallint[]);      --overflow
ERROR:  int value out of range: overflow
select matrix_add(array[32766]::smallint[], array[1]::smallint[]);      --no overflow
 matrix_add 
------------
 {32767}
(1 row)

select matrix_add(array[-32768]::smallint[], array[-1]::smallint[]);    --overflow
ERROR:  int value out of range: overflow
select matrix_add(array[-32767]::smallint[], array[-1]::smallint[]);    --no overflow
 matrix_add 
------------
 {-32768}
(1 row)

   
-- Check overflow
--INT: [-2147483648, 2147483647]
select matrix_add(array[2147483647]::int[], array[1]::int[]);   --overflow
ERROR:  int value out of range: overflow
select matrix_add(array[2147483646]::int[], array[1]::int[]);   --no overflow
  matrix_add  
--------------
 {2147483647}
(1 row)

select matrix_add(array[-2147483648]::int[], array[-1]::int[]); --overflow
ERROR:  int value out of range: overflow
select matrix_add(array[-2147483647]::int[], array[-1]::int[]); --no overflow
  matrix_add   
---------------
 {-2147483648}
(1 row)

 
-- Check overflow
--BIGINT: [-9223372036854775808, 9223372036854775807]
select matrix_add(array[9223372036854775807]::bigint[], array[1]::bigint[]);    --overflow
ERROR:  int value out of range: overflow
select matrix_add(array[9223372036854775806]::bigint[], array[1]::int[]);       --no overflow
      matrix_add       
-----------------------
 {9223372036854775807}
(1 row)

select matrix_add(array[-9223372036854775808]::bigint[], array[-1]::bigint[]);  --overflow
ERROR:  int value out of range: overflow
select matrix_add(array[-9223372036854775807]::bigint[], array[-1]::int[]);     --no overflow
       matrix_add       
------------------------
 {-9223372036854775808}
(1 row)

 
-- Matrix_multiply will promote result to int64 or float8 automatically
select matrix_multiply(array[array[9223372036854775807/3]]::bigint[], array[array[4]]::bigint[]);       --overflow
ERROR:  int value out of range: overflow
select matrix_multiply(array[array[-9223372036854775808]]::bigint[], array[array[-1]]::bigint[]);       --overflow
ERROR:  int value out of range: overflow
 
select matrix_multiply(array[array[10e200], array[10e200]]::float8[], array[array[10e200]]::float8[]);  --overflow
ERROR:  value out of range: overflow
 
