--start_ignore
drop table if exists parquet_table_tobe_ctas;
NOTICE:  table "parquet_table_tobe_ctas" does not exist, skipping
drop table if exists parquet_ctas_table1;
NOTICE:  table "parquet_ctas_table1" does not exist, skipping
DROP TABLE if exists parquet_alter cascade;
NOTICE:  table "parquet_alter" does not exist, skipping
DROP TABLE if exists parquet_alter_table cascade;
NOTICE:  table "parquet_alter_table" does not exist, skipping
Drop Table if exists parquet_alter_table_exch;
NOTICE:  table "parquet_alter_table_exch" does not exist, skipping
DROP SCHEMA if exists mytest cascade;
NOTICE:  schema "mytest" does not exist, skipping
--end_ignore
CREATE TABLE parquet_table_tobe_ctas(text_col text, bigint_col bigint, char_vary_col character varying(30), numeric_col numeric, int_col int4, float_col float4, before_rename_col int4, change_datatype_col numeric, a_ts_without timestamp without time zone, b_ts_with timestamp with time zone, date_column date, col_set_default numeric) with (appendonly=true, orientation=parquet) DISTRIBUTED RANDOMLY;
CREATE TABLE parquet_ctas_table1 with (appendonly=true, orientation=parquet) AS SELECT text_col,bigint_col,char_vary_col,numeric_col FROM parquet_table_tobe_ctas;
CREATE TABLE parquet_alter
    (id SERIAL,a1 int,a2 char(5),a3 numeric,a4 boolean DEFAULT false ,a5 char DEFAULT 'd',a6 text,a7 timestamp,a8 character varying(705),a9 bigint,a10 date)
    WITH (appendonly=true, orientation=parquet,compresstype=gzip,compresslevel=1) distributed randomly Partition by range(a1) (start(1)  end(16) every(8)
    WITH (appendonly=true, orientation=parquet,compresstype=snappy));
NOTICE:  CREATE TABLE will create implicit sequence "parquet_alter_id_seq" for serial column "parquet_alter.id"
NOTICE:  CREATE TABLE will create partition "parquet_alter_1_prt_1" for table "parquet_alter"
NOTICE:  CREATE TABLE will create partition "parquet_alter_1_prt_2" for table "parquet_alter"
INSERT INTO parquet_alter(a1,a2,a3,a4,a5,a6,a7,a8,a9,a10) values(generate_series(1,5),'M',2011,'t','a','This is news of today: Deadlock between Republicans and Democrats over how best to reduce the U.S. deficit, and over what period, has blocked an agreement to allow the raising of the $14.3 trillion debt ceiling','2001-12-24 02:26:11','U.S. House of Representatives Speaker John Boehner, the top Republican in Congress who has put forward a deficit reduction plan to be voted on later on Thursday said he had no control over whether his bill would avert a credit downgrade.',generate_series(2490,2495),'2011-10-11');
alter table parquet_alter add partition new_p start(17) end (20) WITH (appendonly=true, orientation=parquet, compresstype=snappy);
NOTICE:  CREATE TABLE will create partition "parquet_alter_1_prt_new_p" for table "parquet_alter"
alter table parquet_alter add default partition df_p WITH (appendonly=true, orientation=parquet, compresstype=gzip, compresslevel=3);
NOTICE:  CREATE TABLE will create partition "parquet_alter_1_prt_df_p" for table "parquet_alter"
INSERT INTO parquet_alter(a1,a2,a3,a4,a5,a6,a7,a8,a9,a10) values(generate_series(6,25),'F',2010,'f','b','Some students may need time to adjust to school.For most children, the adjustment is quick. Tears will usually disappear after Mommy and  Daddy leave the classroom. Do not plead with your child','2001-12-25 02:22:11','Some students may need time to adjust to school.For most children, the adjustment is quick. Tears will usually disappear after Mommy and  Daddy leave the classroom. Do not plead with your child',generate_series(2500,2501),'2011-10-12');
ALTER TABLE ONLY parquet_alter RENAME TO parquet_alter_table;
INSERT INTO parquet_alter_table(a1,a2,a3,a4,a5,a6,a7,a8,a9,a10) values(generate_series(26,28),'F',2010,'f','b','Some students may need time to adjust to school.For most children, the adjustment is quick. Tears will usually disappear after Mommy and  Daddy leave the classroom. Do not plead with your child','2001-12-25 02:22:11','Some students may need time to adjust to school.For most children, the adjustment is quick. Tears will usually disappear after Mommy and  Daddy leave the classroom. Do not plead with your child',generate_series(2502,2503),'2011-10-12');
select count(*) from parquet_alter_table;
 count 
-------
    56
(1 row)

alter table parquet_alter_table rename partition df_p to df_p1;
alter table parquet_alter_table truncate partition df_p1;
alter table parquet_alter_table drop partition new_p;
INSERT INTO parquet_alter_table(a1,a2,a3,a4,a5,a6,a7,a8,a9,a10) values(generate_series(1,28),'M',2010,'f','b','Some students may need time to adjust to school.For most children, the adjustment is quick. Tears will usually disappear after Mommy and  Daddy leave the classroom. Do not plead with your child','2001-12-25 02:22:11','Some students may need time to adjust to school.For most children, the adjustment is quick. Tears will usually disappear after Mommy and  Daddy leave the classroom. Do not plead with your child',2500,'2011-10-12');
select count(*) from parquet_alter_table;
 count 
-------
    68
(1 row)

CREATE TABLE parquet_alter_table_exch(id SERIAL,a1 int,a2 char(5),a3 numeric,a4 boolean DEFAULT false ,a5 char DEFAULT 'd',a6 text,a7 timestamp,a8 character varying(705),a9 bigint,a10 date) WITH (appendonly=true, orientation=parquet, compresstype=snappy)  distributed randomly;
NOTICE:  CREATE TABLE will create implicit sequence "parquet_alter_table_exch_id_seq" for serial column "parquet_alter_table_exch.id"
Insert into parquet_alter_table_exch(a1,a2,a3,a4,a5,a6,a7,a8,a9,a10) values(generate_series(29,30),'F',2011,'t','a','dfjjjjjj','2001-12-24 02:26:11','hghgh',333,'2011-10-11');
Alter table parquet_alter_table exchange default partition with table parquet_alter_table_exch;
NOTICE:  exchanged partition "df_p1" of relation "parquet_alter_table" with relation "parquet_alter_table_exch"
Alter table parquet_alter_table split partition FOR (RANK(2)) at(10) into (partition splitc,partition splitd);
NOTICE:  CREATE TABLE will create partition "parquet_alter_table_1_prt_splitc" for table "parquet_alter_table"
NOTICE:  CREATE TABLE will create partition "parquet_alter_table_1_prt_splitd" for table "parquet_alter_table"
INSERT INTO parquet_alter_table(a1,a2,a3,a4,a5,a6,a7,a8,a9,a10) values(generate_series(1,30),'F',2011,'f','b','If the scale of a value to be stored is greater than the declared scale of the column, the system will round the value to the specified number of fractional digits. Then, if the number of digits to the left of the decimal point ','2001-11-24 02:26:11','bbffruikjjjk89kjhjjdsdsjflsdkfjowikfo;lwejkufhekusgfuyewhfkdhsuyfgjsdbfjhkdshgciuvhdskfhiewyerwhkjehriur687687rt3ughjgd67567tcghjzvcnzfTYr7tugfTRE#$#^%*GGHJFTEW#RUYJBJHCFDGJBJGYrythgfT^&^tjhE655ugHD655uVtyr%^uygUYT&^R%^FJYFHGF',2802,'2011-11-12');
select count(*) from parquet_alter_table;
 count 
-------
    87
(1 row)

Create schema mytest;
ALTER TABLE parquet_alter_table SET SCHEMA mytest;
\d+ parquet_alter_table
set search_path=mytest;
\d+ parquet_alter_table
                                         Parquet Table "mytest.parquet_alter_table"
 Column |            Type             |                         Modifiers                          | Storage  | Description 
--------+-----------------------------+------------------------------------------------------------+----------+-------------
 id     | integer                     | not null default nextval('parquet_alter_id_seq'::regclass) | plain    | 
 a1     | integer                     |                                                            | plain    | 
 a2     | character(5)                |                                                            | extended | 
 a3     | numeric                     |                                                            | main     | 
 a4     | boolean                     | default false                                              | plain    | 
 a5     | character(1)                | default 'd'::bpchar                                        | extended | 
 a6     | text                        |                                                            | extended | 
 a7     | timestamp without time zone |                                                            | plain    | 
 a8     | character varying(705)      |                                                            | extended | 
 a9     | bigint                      |                                                            | plain    | 
 a10    | date                        |                                                            | plain    | 
Compression Type: gzip
Compression Level: 1
Page Size: 1048576
RowGroup Size: 8388608
Checksum: f
Child tables: public.parquet_alter_table_1_prt_1,
              public.parquet_alter_table_1_prt_df_p1,
              public.parquet_alter_table_1_prt_splitc,
              public.parquet_alter_table_1_prt_splitd
Has OIDs: no
Options: appendonly=true, orientation=parquet, compresstype=gzip, compresslevel=1, pagesize=1048576, rowgroupsize=8388608
Distributed randomly

Alter table parquet_alter_table SET DISTRIBUTED BY (a9);
INSERT INTO parquet_alter_table(a1,a2,a3,a4,a5,a6,a7,a8,a9,a10) values(31,'F',2011,'f','b','If the scale of a value to be stored is greater than the declared scale of the column, the system will round the value to the specified number of fractional digits. Then, if the number of digits to the left of the decimal point ','2001-11-24 02:26:11','bbffruikjjjk89kjhjjdsdsjflsdkfjowikfo;lwejkufhekusgfuyewhfkdhsuyfgjsdbfjhkdshgciuvhdskfhiewyerwhkjehriur687687rt3ughjgd67567tcghjzvcnzfTYr7tugfTRE#$#^%*GGHJFTEW#RUYJBJHCFDGJBJGYrythgfT^&^tjhE655ugHD655uVtyr%^uygUYT&^R%^FJYFHGF',2802,'2011-11-12');
select count(*) from parquet_alter_table;
 count 
-------
    88
(1 row)

Alter table parquet_alter_table SET WITH (REORGANIZE=true);
INSERT INTO parquet_alter_table(a1,a2,a3,a4,a5,a6,a7,a8,a9,a10) values(32,'F',2011,'f','b','If the scale of a value to be stored is greater than the declared scale of the column, the system will round the value to the specified number of fractional digits. Then, if the number of digits to the left of the decimal point ','2001-11-24 02:26:11','bbffruikjjjk89kjhjjdsdsjflsdkfjowikfo;lwejkufhekusgfuyewhfkdhsuyfgjsdbfjhkdshgciuvhdskfhiewyerwhkjehriur687687rt3ughjgd67567tcghjzvcnzfTYr7tugfTRE#$#^%*GGHJFTEW#RUYJBJHCFDGJBJGYrythgfT^&^tjhE655ugHD655uVtyr%^uygUYT&^R%^FJYFHGF',2802,'2011-11-12');
select count(*) from parquet_alter_table;
 count 
-------
    89
(1 row)

ALTER TABLE parquet_alter_table ADD CONSTRAINT mychk CHECK (a1 <= 35);
